Archive member included to satisfy reference by file (symbol)

.pio/build/genericSTM32H750VB/lib90e/libCore.a(usbd_core.o)
                              .pio/build/genericSTM32H750VB/src/usb/usb_device.o (USBD_Init)
.pio/build/genericSTM32H750VB/lib90e/libCore.a(usbd_ctlreq.o)
                              .pio/build/genericSTM32H750VB/lib90e/libCore.a(usbd_core.o) (USBD_StdDevReq)
.pio/build/genericSTM32H750VB/lib90e/libCore.a(usbd_ioreq.o)
                              .pio/build/genericSTM32H750VB/lib90e/libCore.a(usbd_ctlreq.o) (USBD_CtlSendData)
.pio/build/genericSTM32H750VB/lib3fc/libCustomHID.a(usbd_customhid.o)
                              .pio/build/genericSTM32H750VB/src/usb/usbd_custom_hid_if.o (USBD_CUSTOM_HID_ReceivePacket)
c:/users/des80/.platformio/packages/toolchain-gccarmnoneeabi@1.70201.0/bin/../lib/gcc/arm-none-eabi/7.2.1/../../../../arm-none-eabi/lib/thumb/v7e-m\libc_nano.a(lib_a-exit.o)
                              c:/users/des80/.platformio/packages/toolchain-gccarmnoneeabi@1.70201.0/bin/../lib/gcc/arm-none-eabi/7.2.1/../../../../arm-none-eabi/lib/thumb/v7e-m/crt0.o (exit)
c:/users/des80/.platformio/packages/toolchain-gccarmnoneeabi@1.70201.0/bin/../lib/gcc/arm-none-eabi/7.2.1/../../../../arm-none-eabi/lib/thumb/v7e-m\libc_nano.a(lib_a-impure.o)
                              c:/users/des80/.platformio/packages/toolchain-gccarmnoneeabi@1.70201.0/bin/../lib/gcc/arm-none-eabi/7.2.1/../../../../arm-none-eabi/lib/thumb/v7e-m\libc_nano.a(lib_a-exit.o) (_global_impure_ptr)
c:/users/des80/.platformio/packages/toolchain-gccarmnoneeabi@1.70201.0/bin/../lib/gcc/arm-none-eabi/7.2.1/../../../../arm-none-eabi/lib/thumb/v7e-m\libc_nano.a(lib_a-init.o)
                              c:/users/des80/.platformio/packages/toolchain-gccarmnoneeabi@1.70201.0/bin/../lib/gcc/arm-none-eabi/7.2.1/../../../../arm-none-eabi/lib/thumb/v7e-m/crt0.o (__libc_init_array)
c:/users/des80/.platformio/packages/toolchain-gccarmnoneeabi@1.70201.0/bin/../lib/gcc/arm-none-eabi/7.2.1/../../../../arm-none-eabi/lib/thumb/v7e-m\libc_nano.a(lib_a-memcpy-stub.o)
                              .pio/build/genericSTM32H750VB/FrameworkHALDriver/Src/stm32h7xx_hal_fdcan.o (memcpy)
c:/users/des80/.platformio/packages/toolchain-gccarmnoneeabi@1.70201.0/bin/../lib/gcc/arm-none-eabi/7.2.1/../../../../arm-none-eabi/lib/thumb/v7e-m\libc_nano.a(lib_a-memset.o)
                              c:/users/des80/.platformio/packages/toolchain-gccarmnoneeabi@1.70201.0/bin/../lib/gcc/arm-none-eabi/7.2.1/../../../../arm-none-eabi/lib/thumb/v7e-m/crt0.o (memset)
c:/users/des80/.platformio/packages/toolchain-gccarmnoneeabi@1.70201.0/bin/../lib/gcc/arm-none-eabi/7.2.1/../../../../arm-none-eabi/lib/thumb/v7e-m\libc_nano.a(lib_a-strlen.o)
                              .pio/build/genericSTM32H750VB/src/st7796/st7796.o (strlen)
c:/users/des80/.platformio/packages/toolchain-gccarmnoneeabi@1.70201.0/bin/../lib/gcc/arm-none-eabi/7.2.1/thumb/v7e-m\libgcc.a(_arm_addsubsf3.o)
                              .pio/build/genericSTM32H750VB/FrameworkHALDriver/Src/stm32h7xx_hal_rcc.o (__aeabi_fadd)
c:/users/des80/.platformio/packages/toolchain-gccarmnoneeabi@1.70201.0/bin/../lib/gcc/arm-none-eabi/7.2.1/thumb/v7e-m\libgcc.a(_arm_muldivsf3.o)
                              .pio/build/genericSTM32H750VB/FrameworkHALDriver/Src/stm32h7xx_hal_rcc.o (__aeabi_fmul)
c:/users/des80/.platformio/packages/toolchain-gccarmnoneeabi@1.70201.0/bin/../lib/gcc/arm-none-eabi/7.2.1/thumb/v7e-m\libgcc.a(_arm_fixunssfsi.o)
                              .pio/build/genericSTM32H750VB/FrameworkHALDriver/Src/stm32h7xx_hal_rcc.o (__aeabi_f2uiz)
c:/users/des80/.platformio/packages/toolchain-gccarmnoneeabi@1.70201.0/bin/../lib/gcc/arm-none-eabi/7.2.1/thumb/v7e-m\libgcc.a(_aeabi_ldivmod.o)
                              .pio/build/genericSTM32H750VB/FrameworkHALDriver/Src/stm32h7xx_hal_uart.o (__aeabi_ldivmod)
c:/users/des80/.platformio/packages/toolchain-gccarmnoneeabi@1.70201.0/bin/../lib/gcc/arm-none-eabi/7.2.1/thumb/v7e-m\libgcc.a(_aeabi_uldivmod.o)
                              .pio/build/genericSTM32H750VB/FrameworkHALDriver/Src/stm32h7xx_hal_uart.o (__aeabi_uldivmod)
c:/users/des80/.platformio/packages/toolchain-gccarmnoneeabi@1.70201.0/bin/../lib/gcc/arm-none-eabi/7.2.1/thumb/v7e-m\libgcc.a(_udivmoddi4.o)
                              c:/users/des80/.platformio/packages/toolchain-gccarmnoneeabi@1.70201.0/bin/../lib/gcc/arm-none-eabi/7.2.1/thumb/v7e-m\libgcc.a(_aeabi_ldivmod.o) (__udivmoddi4)
c:/users/des80/.platformio/packages/toolchain-gccarmnoneeabi@1.70201.0/bin/../lib/gcc/arm-none-eabi/7.2.1/thumb/v7e-m\libgcc.a(_dvmd_tls.o)
                              c:/users/des80/.platformio/packages/toolchain-gccarmnoneeabi@1.70201.0/bin/../lib/gcc/arm-none-eabi/7.2.1/thumb/v7e-m\libgcc.a(_aeabi_ldivmod.o) (__aeabi_ldiv0)
c:/users/des80/.platformio/packages/toolchain-gccarmnoneeabi@1.70201.0/bin/../lib/gcc/arm-none-eabi/7.2.1/../../../../arm-none-eabi/lib/thumb/v7e-m\libnosys.a(_exit.o)
[...]
Memory Configuration

Name             Origin             Length             Attributes
FLASH            0x08000000         0x00020000         xr
DTCMRAM          0x20000000         0x00020000         xrw
RAM_D1           0x24000000         0x00080000         xrw
RAM_D2           0x30000000         0x00048000         xrw
RAM_D3           0x38000000         0x00010000         xrw
ITCMRAM          0x00000000         0x00010000         xrw
*default*        0x00000000         0xffffffff

Linker script and memory map

LOAD c:/users/des80/.platformio/packages/toolchain-gccarmnoneeabi@1.70201.0/bin/../lib/gcc/arm-none-eabi/7.2.1/thumb/v7e-m/crti.o
LOAD c:/users/des80/.platformio/packages/toolchain-gccarmnoneeabi@1.70201.0/bin/../lib/gcc/arm-none-eabi/7.2.1/thumb/v7e-m/crtbegin.o
LOAD c:/users/des80/.platformio/packages/toolchain-gccarmnoneeabi@1.70201.0/bin/../lib/gcc/arm-none-eabi/7.2.1/../../../../arm-none-eabi/lib/thumb/v7e-m/crt0.o
LOAD .pio/build/genericSTM32H750VB/FrameworkHALDriver/Src/stm32h7xx_hal.o
LOAD .pio/build/genericSTM32H750VB/FrameworkHALDriver/Src/stm32h7xx_hal_adc.o
LOAD .pio/build/genericSTM32H750VB/FrameworkHALDriver/Src/stm32h7xx_hal_adc_ex.o
LOAD .pio/build/genericSTM32H750VB/FrameworkHALDriver/Src/stm32h7xx_hal_cec.o
LOAD .pio/build/genericSTM32H750VB/FrameworkHALDriver/Src/stm32h7xx_hal_comp.o
LOAD .pio/build/genericSTM32H750VB/FrameworkHALDriver/Src/stm32h7xx_hal_cordic.o
LOAD .pio/build/genericSTM32H750VB/FrameworkHALDriver/Src/stm32h7xx_hal_cortex.o
LOAD .pio/build/genericSTM32H750VB/FrameworkHALDriver/Src/stm32h7xx_hal_crc.o
LOAD .pio/build/genericSTM32H750VB/FrameworkHALDriver/Src/stm32h7xx_hal_crc_ex.o
LOAD .pio/build/genericSTM32H750VB/FrameworkHALDriver/Src/stm32h7xx_hal_cryp.o
LOAD .pio/build/genericSTM32H750VB/FrameworkHALDriver/Src/stm32h7xx_hal_cryp_ex.o
LOAD .pio/build/genericSTM32H750VB/FrameworkHALDriver/Src/stm32h7xx_hal_dac.o
LOAD .pio/build/genericSTM32H750VB/FrameworkHALDriver/Src/stm32h7xx_hal_dac_ex.o
LOAD .pio/build/genericSTM32H750VB/FrameworkHALDriver/Src/stm32h7xx_hal_dcmi.o
LOAD .pio/build/genericSTM32H750VB/FrameworkHALDriver/Src/stm32h7xx_hal_dfsdm.o
LOAD .pio/build/genericSTM32H750VB/FrameworkHALDriver/Src/stm32h7xx_hal_dfsdm_ex.o
LOAD .pio/build/genericSTM32H750VB/FrameworkHALDriver/Src/stm32h7xx_hal_dma.o
LOAD .pio/build/genericSTM32H750VB/FrameworkHALDriver/Src/stm32h7xx_hal_dma2d.o
LOAD .pio/build/genericSTM32H750VB/FrameworkHALDriver/Src/stm32h7xx_hal_dma_ex.o
LOAD .pio/build/genericSTM32H750VB/FrameworkHALDriver/Src/stm32h7xx_hal_dsi.o
LOAD .pio/build/genericSTM32H750VB/FrameworkHALDriver/Src/stm32h7xx_hal_dts.o
LOAD .pio/build/genericSTM32H750VB/FrameworkHALDriver/Src/stm32h7xx_hal_eth.o
LOAD .pio/build/genericSTM32H750VB/FrameworkHALDriver/Src/stm32h7xx_hal_eth_ex.o
LOAD .pio/build/genericSTM32H750VB/FrameworkHALDriver/Src/stm32h7xx_hal_exti.o
LOAD .pio/build/genericSTM32H750VB/FrameworkHALDriver/Src/stm32h7xx_hal_fdcan.o
LOAD .pio/build/genericSTM32H750VB/FrameworkHALDriver/Src/stm32h7xx_hal_flash.o
LOAD .pio/build/genericSTM32H750VB/FrameworkHALDriver/Src/stm32h7xx_hal_flash_ex.o
LOAD .pio/build/genericSTM32H750VB/FrameworkHALDriver/Src/stm32h7xx_hal_fmac.o
LOAD .pio/build/genericSTM32H750VB/FrameworkHALDriver/Src/stm32h7xx_hal_gfxmmu.o
LOAD .pio/build/genericSTM32H750VB/FrameworkHALDriver/Src/stm32h7xx_hal_gpio.o
LOAD .pio/build/genericSTM32H750VB/FrameworkHALDriver/Src/stm32h7xx_hal_hash.o
LOAD .pio/build/genericSTM32H750VB/FrameworkHALDriver/Src/stm32h7xx_hal_hash_ex.o
LOAD .pio/build/genericSTM32H750VB/FrameworkHALDriver/Src/stm32h7xx_hal_hcd.o
LOAD .pio/build/genericSTM32H750VB/FrameworkHALDriver/Src/stm32h7xx_hal_hrtim.o
LOAD .pio/build/genericSTM32H750VB/FrameworkHALDriver/Src/stm32h7xx_hal_hsem.o
LOAD .pio/build/genericSTM32H750VB/FrameworkHALDriver/Src/stm32h7xx_hal_i2c.o
LOAD .pio/build/genericSTM32H750VB/FrameworkHALDriver/Src/stm32h7xx_hal_i2c_ex.o
LOAD .pio/build/genericSTM32H750VB/FrameworkHALDriver/Src/stm32h7xx_hal_i2s.o
LOAD .pio/build/genericSTM32H750VB/FrameworkHALDriver/Src/stm32h7xx_hal_i2s_ex.o
LOAD .pio/build/genericSTM32H750VB/FrameworkHALDriver/Src/stm32h7xx_hal_irda.o
LOAD .pio/build/genericSTM32H750VB/FrameworkHALDriver/Src/stm32h7xx_hal_iwdg.o
LOAD .pio/build/genericSTM32H750VB/FrameworkHALDriver/Src/stm32h7xx_hal_jpeg.o
LOAD .pio/build/genericSTM32H750VB/FrameworkHALDriver/Src/stm32h7xx_hal_lptim.o
LOAD .pio/build/genericSTM32H750VB/FrameworkHALDriver/Src/stm32h7xx_hal_ltdc.o
LOAD .pio/build/genericSTM32H750VB/FrameworkHALDriver/Src/stm32h7xx_hal_ltdc_ex.o
LOAD .pio/build/genericSTM32H750VB/FrameworkHALDriver/Src/stm32h7xx_hal_mdios.o
LOAD .pio/build/genericSTM32H750VB/FrameworkHALDriver/Src/stm32h7xx_hal_mdma.o
LOAD .pio/build/genericSTM32H750VB/FrameworkHALDriver/Src/stm32h7xx_hal_mmc.o
LOAD .pio/build/genericSTM32H750VB/FrameworkHALDriver/Src/stm32h7xx_hal_mmc_ex.o
LOAD .pio/build/genericSTM32H750VB/FrameworkHALDriver/Src/stm32h7xx_hal_nand.o
LOAD .pio/build/genericSTM32H750VB/FrameworkHALDriver/Src/stm32h7xx_hal_nor.o
LOAD .pio/build/genericSTM32H750VB/FrameworkHALDriver/Src/stm32h7xx_hal_opamp.o
LOAD .pio/build/genericSTM32H750VB/FrameworkHALDriver/Src/stm32h7xx_hal_opamp_ex.o
LOAD .pio/build/genericSTM32H750VB/FrameworkHALDriver/Src/stm32h7xx_hal_ospi.o
LOAD .pio/build/genericSTM32H750VB/FrameworkHALDriver/Src/stm32h7xx_hal_otfdec.o
LOAD .pio/build/genericSTM32H750VB/FrameworkHALDriver/Src/stm32h7xx_hal_pcd.o
LOAD .pio/build/genericSTM32H750VB/FrameworkHALDriver/Src/stm32h7xx_hal_pcd_ex.o
LOAD .pio/build/genericSTM32H750VB/FrameworkHALDriver/Src/stm32h7xx_hal_pssi.o
LOAD .pio/build/genericSTM32H750VB/FrameworkHALDriver/Src/stm32h7xx_hal_pwr.o
LOAD .pio/build/genericSTM32H750VB/FrameworkHALDriver/Src/stm32h7xx_hal_pwr_ex.o
LOAD .pio/build/genericSTM32H750VB/FrameworkHALDriver/Src/stm32h7xx_hal_qspi.o
LOAD .pio/build/genericSTM32H750VB/FrameworkHALDriver/Src/stm32h7xx_hal_ramecc.o
LOAD .pio/build/genericSTM32H750VB/FrameworkHALDriver/Src/stm32h7xx_hal_rcc.o
LOAD .pio/build/genericSTM32H750VB/FrameworkHALDriver/Src/stm32h7xx_hal_rcc_ex.o
LOAD .pio/build/genericSTM32H750VB/FrameworkHALDriver/Src/stm32h7xx_hal_rng.o
LOAD .pio/build/genericSTM32H750VB/FrameworkHALDriver/Src/stm32h7xx_hal_rng_ex.o
LOAD .pio/build/genericSTM32H750VB/FrameworkHALDriver/Src/stm32h7xx_hal_rtc.o
LOAD .pio/build/genericSTM32H750VB/FrameworkHALDriver/Src/stm32h7xx_hal_rtc_ex.o
LOAD .pio/build/genericSTM32H750VB/FrameworkHALDriver/Src/stm32h7xx_hal_sai.o
LOAD .pio/build/genericSTM32H750VB/FrameworkHALDriver/Src/stm32h7xx_hal_sai_ex.o
LOAD .pio/build/genericSTM32H750VB/FrameworkHALDriver/Src/stm32h7xx_hal_sd.o
LOAD .pio/build/genericSTM32H750VB/FrameworkHALDriver/Src/stm32h7xx_hal_sd_ex.o
LOAD .pio/build/genericSTM32H750VB/FrameworkHALDriver/Src/stm32h7xx_hal_sdio.o
LOAD .pio/build/genericSTM32H750VB/FrameworkHALDriver/Src/stm32h7xx_hal_sdram.o
LOAD .pio/build/genericSTM32H750VB/FrameworkHALDriver/Src/stm32h7xx_hal_smartcard.o
LOAD .pio/build/genericSTM32H750VB/FrameworkHALDriver/Src/stm32h7xx_hal_smartcard_ex.o
LOAD .pio/build/genericSTM32H750VB/FrameworkHALDriver/Src/stm32h7xx_hal_smbus.o
LOAD .pio/build/genericSTM32H750VB/FrameworkHALDriver/Src/stm32h7xx_hal_smbus_ex.o
LOAD .pio/build/genericSTM32H750VB/FrameworkHALDriver/Src/stm32h7xx_hal_spdifrx.o
LOAD .pio/build/genericSTM32H750VB/FrameworkHALDriver/Src/stm32h7xx_hal_spi.o
LOAD .pio/build/genericSTM32H750VB/FrameworkHALDriver/Src/stm32h7xx_hal_spi_ex.o
LOAD .pio/build/genericSTM32H750VB/FrameworkHALDriver/Src/stm32h7xx_hal_sram.o
LOAD .pio/build/genericSTM32H750VB/FrameworkHALDriver/Src/stm32h7xx_hal_swpmi.o
LOAD .pio/build/genericSTM32H750VB/FrameworkHALDriver/Src/stm32h7xx_hal_tim.o
LOAD .pio/build/genericSTM32H750VB/FrameworkHALDriver/Src/stm32h7xx_hal_tim_ex.o
LOAD .pio/build/genericSTM32H750VB/FrameworkHALDriver/Src/stm32h7xx_hal_uart.o
LOAD .pio/build/genericSTM32H750VB/FrameworkHALDriver/Src/stm32h7xx_hal_uart_ex.o
LOAD .pio/build/genericSTM32H750VB/FrameworkHALDriver/Src/stm32h7xx_hal_usart.o
LOAD .pio/build/genericSTM32H750VB/FrameworkHALDriver/Src/stm32h7xx_hal_usart_ex.o
LOAD .pio/build/genericSTM32H750VB/FrameworkHALDriver/Src/stm32h7xx_hal_wwdg.o
LOAD .pio/build/genericSTM32H750VB/FrameworkHALDriver/Src/stm32h7xx_ll_adc.o
LOAD .pio/build/genericSTM32H750VB/FrameworkHALDriver/Src/stm32h7xx_ll_bdma.o
LOAD .pio/build/genericSTM32H750VB/FrameworkHALDriver/Src/stm32h7xx_ll_comp.o
LOAD .pio/build/genericSTM32H750VB/FrameworkHALDriver/Src/stm32h7xx_ll_cordic.o
LOAD .pio/build/genericSTM32H750VB/FrameworkHALDriver/Src/stm32h7xx_ll_crc.o
LOAD .pio/build/genericSTM32H750VB/FrameworkHALDriver/Src/stm32h7xx_ll_crs.o
LOAD .pio/build/genericSTM32H750VB/FrameworkHALDriver/Src/stm32h7xx_ll_dac.o
LOAD .pio/build/genericSTM32H750VB/FrameworkHALDriver/Src/stm32h7xx_ll_delayblock.o
LOAD .pio/build/genericSTM32H750VB/FrameworkHALDriver/Src/stm32h7xx_ll_dma.o
LOAD .pio/build/genericSTM32H750VB/FrameworkHALDriver/Src/stm32h7xx_ll_dma2d.o
LOAD .pio/build/genericSTM32H750VB/FrameworkHALDriver/Src/stm32h7xx_ll_exti.o
LOAD .pio/build/genericSTM32H750VB/FrameworkHALDriver/Src/stm32h7xx_ll_fmac.o
LOAD .pio/build/genericSTM32H750VB/FrameworkHALDriver/Src/stm32h7xx_ll_fmc.o
LOAD .pio/build/genericSTM32H750VB/FrameworkHALDriver/Src/stm32h7xx_ll_gpio.o
LOAD .pio/build/genericSTM32H750VB/FrameworkHALDriver/Src/stm32h7xx_ll_hrtim.o
LOAD .pio/build/genericSTM32H750VB/FrameworkHALDriver/Src/stm32h7xx_ll_i2c.o
LOAD .pio/build/genericSTM32H750VB/FrameworkHALDriver/Src/stm32h7xx_ll_lptim.o
LOAD .pio/build/genericSTM32H750VB/FrameworkHALDriver/Src/stm32h7xx_ll_lpuart.o
LOAD .pio/build/genericSTM32H750VB/FrameworkHALDriver/Src/stm32h7xx_ll_mdma.o
LOAD .pio/build/genericSTM32H750VB/FrameworkHALDriver/Src/stm32h7xx_ll_opamp.o
LOAD .pio/build/genericSTM32H750VB/FrameworkHALDriver/Src/stm32h7xx_ll_pwr.o
LOAD .pio/build/genericSTM32H750VB/FrameworkHALDriver/Src/stm32h7xx_ll_rcc.o
LOAD .pio/build/genericSTM32H750VB/FrameworkHALDriver/Src/stm32h7xx_ll_rng.o
LOAD .pio/build/genericSTM32H750VB/FrameworkHALDriver/Src/stm32h7xx_ll_rtc.o
LOAD .pio/build/genericSTM32H750VB/FrameworkHALDriver/Src/stm32h7xx_ll_sdmmc.o
LOAD .pio/build/genericSTM32H750VB/FrameworkHALDriver/Src/stm32h7xx_ll_spi.o
LOAD .pio/build/genericSTM32H750VB/FrameworkHALDriver/Src/stm32h7xx_ll_swpmi.o
LOAD .pio/build/genericSTM32H750VB/FrameworkHALDriver/Src/stm32h7xx_ll_tim.o
LOAD .pio/build/genericSTM32H750VB/FrameworkHALDriver/Src/stm32h7xx_ll_usart.o
LOAD .pio/build/genericSTM32H750VB/FrameworkHALDriver/Src/stm32h7xx_ll_usb.o
LOAD .pio/build/genericSTM32H750VB/FrameworkHALDriver/Src/stm32h7xx_ll_utils.o
LOAD .pio/build/genericSTM32H750VB/src/dma.o
LOAD .pio/build/genericSTM32H750VB/src/gpio.o
LOAD .pio/build/genericSTM32H750VB/src/i2c.o
LOAD .pio/build/genericSTM32H750VB/src/main.o
LOAD .pio/build/genericSTM32H750VB/src/quadspi.o
LOAD .pio/build/genericSTM32H750VB/src/rtc.o
LOAD .pio/build/genericSTM32H750VB/src/sdmmc.o
LOAD .pio/build/genericSTM32H750VB/src/spi.o
LOAD .pio/build/genericSTM32H750VB/src/st7796/font.o
LOAD .pio/build/genericSTM32H750VB/src/st7796/st7796.o
LOAD .pio/build/genericSTM32H750VB/src/stm32h7xx_hal_msp.o
LOAD .pio/build/genericSTM32H750VB/src/stm32h7xx_it.o
LOAD .pio/build/genericSTM32H750VB/src/tim.o
LOAD .pio/build/genericSTM32H750VB/src/usart.o
LOAD .pio/build/genericSTM32H750VB/src/usb/usb_device.o
LOAD .pio/build/genericSTM32H750VB/src/usb/usbd_conf.o
LOAD .pio/build/genericSTM32H750VB/src/usb/usbd_custom_hid_if.o
LOAD .pio/build/genericSTM32H750VB/src/usb/usbd_desc.o
START GROUP
LOAD .pio/build/genericSTM32H750VB/libc24/libAUDIO.a
LOAD .pio/build/genericSTM32H750VB/libaac/libCCID.a
LOAD .pio/build/genericSTM32H750VB/lib7a6/libCDC.a
LOAD .pio/build/genericSTM32H750VB/lib076/libCDC_ECM.a
LOAD .pio/build/genericSTM32H750VB/lib583/libCDC_RNDIS.a
LOAD .pio/build/genericSTM32H750VB/libf1e/libDFU.a
LOAD .pio/build/genericSTM32H750VB/libc8e/libHID.a
LOAD .pio/build/genericSTM32H750VB/lib1c4/libMSC.a
LOAD .pio/build/genericSTM32H750VB/libe10/libMTP.a
LOAD .pio/build/genericSTM32H750VB/lib71b/libPrinter.a
LOAD .pio/build/genericSTM32H750VB/lib84a/libVIDEO.a
LOAD .pio/build/genericSTM32H750VB/lib1e6/libCompositeBuilder.a
LOAD .pio/build/genericSTM32H750VB/lib90e/libCore.a
LOAD .pio/build/genericSTM32H750VB/lib3fc/libCustomHID.a
LOAD c:/users/des80/.platformio/packages/toolchain-gccarmnoneeabi@1.70201.0/bin/../lib/gcc/arm-none-eabi/7.2.1/../../../../arm-none-eabi/lib/thumb/v7e-m\libc_nano.a
LOAD c:/users/des80/.platformio/packages/toolchain-gccarmnoneeabi@1.70201.0/bin/../lib/gcc/arm-none-eabi/7.2.1/thumb/v7e-m\libgcc.a
LOAD c:/users/des80/.platformio/packages/toolchain-gccarmnoneeabi@1.70201.0/bin/../lib/gcc/arm-none-eabi/7.2.1/../../../../arm-none-eabi/lib/thumb/v7e-m\libm.a
LOAD c:/users/des80/.platformio/packages/toolchain-gccarmnoneeabi@1.70201.0/bin/../lib/gcc/arm-none-eabi/7.2.1/../../../../arm-none-eabi/lib/thumb/v7e-m\libstdc++_nano.a
LOAD c:/users/des80/.platformio/packages/toolchain-gccarmnoneeabi@1.70201.0/bin/../lib/gcc/arm-none-eabi/7.2.1/../../../../arm-none-eabi/lib/thumb/v7e-m\libnosys.a
LOAD .pio/build/genericSTM32H750VB/libFrameworkCMSISDevice.a
END GROUP
START GROUP
LOAD c:/users/des80/.platformio/packages/toolchain-gccarmnoneeabi@1.70201.0/bin/../lib/gcc/arm-none-eabi/7.2.1/thumb/v7e-m\libgcc.a
LOAD c:/users/des80/.platformio/packages/toolchain-gccarmnoneeabi@1.70201.0/bin/../lib/gcc/arm-none-eabi/7.2.1/../../../../arm-none-eabi/lib/thumb/v7e-m\libc_nano.a
END GROUP
START GROUP
LOAD c:/users/des80/.platformio/packages/toolchain-gccarmnoneeabi@1.70201.0/bin/../lib/gcc/arm-none-eabi/7.2.1/thumb/v7e-m\libgcc.a
LOAD c:/users/des80/.platformio/packages/toolchain-gccarmnoneeabi@1.70201.0/bin/../lib/gcc/arm-none-eabi/7.2.1/../../../../arm-none-eabi/lib/thumb/v7e-m\libc_nano.a
LOAD c:/users/des80/.platformio/packages/toolchain-gccarmnoneeabi@1.70201.0/bin/../lib/gcc/arm-none-eabi/7.2.1/../../../../arm-none-eabi/lib/thumb/v7e-m\libnosys.a
END GROUP
START GROUP
LOAD c:/users/des80/.platformio/packages/toolchain-gccarmnoneeabi@1.70201.0/bin/../lib/gcc/arm-none-eabi/7.2.1/thumb/v7e-m\libgcc.a
LOAD c:/users/des80/.platformio/packages/toolchain-gccarmnoneeabi@1.70201.0/bin/../lib/gcc/arm-none-eabi/7.2.1/../../../../arm-none-eabi/lib/thumb/v7e-m\libc_nano.a
LOAD c:/users/des80/.platformio/packages/toolchain-gccarmnoneeabi@1.70201.0/bin/../lib/gcc/arm-none-eabi/7.2.1/../../../../arm-none-eabi/lib/thumb/v7e-m\libnosys.a
END GROUP
LOAD c:/users/des80/.platformio/packages/toolchain-gccarmnoneeabi@1.70201.0/bin/../lib/gcc/arm-none-eabi/7.2.1/thumb/v7e-m/crtend.o
LOAD c:/users/des80/.platformio/packages/toolchain-gccarmnoneeabi@1.70201.0/bin/../lib/gcc/arm-none-eabi/7.2.1/thumb/v7e-m/crtn.o
                0x24080000                _estack = (ORIGIN (RAM_D1) + LENGTH (RAM_D1))
                0x00000200                _Min_Heap_Size = 0x200
                0x00000400                _Min_Stack_Size = 0x400

.isr_vector     0x08000000      0x298
                0x08000000                . = ALIGN (0x4)
 *(.isr_vector)
 .isr_vector    0x08000000      0x298 .pio/build/genericSTM32H750VB/libFrameworkCMSISDevice.a(startup_stm32h750xx.o)
                0x08000000                g_pfnVectors
                0x08000298                . = ALIGN (0x4)

.text           0x08000298     0x8954
                0x08000298                . = ALIGN (0x4)
 *(.text)
 .text          0x08000298       0x40 c:/users/des80/.platformio/packages/toolchain-gccarmnoneeabi@1.70201.0/bin/../lib/gcc/arm-none-eabi/7.2.1/thumb/v7e-m/crtbegin.o
 .text          0x080002d8      0x21c c:/users/des80/.platformio/packages/toolchain-gccarmnoneeabi@1.70201.0/bin/../lib/gcc/arm-none-eabi/7.2.1/thumb/v7e-m\libgcc.a(_arm_addsubsf3.o)
                0x080002d8                __aeabi_frsub
                0x080002e0                __subsf3
                0x080002e0                __aeabi_fsub
                0x080002e4                __aeabi_fadd
                0x080002e4                __addsf3
                0x08000444                __aeabi_ui2f
                0x08000444                __floatunsisf
                0x0800044c                __aeabi_i2f
                0x0800044c                __floatsisf
                0x08000468                __aeabi_ul2f
                0x08000468                __floatundisf
                0x08000478                __aeabi_l2f
                0x08000478                __floatdisf
 .text          0x080004f4      0x2a0 c:/users/des80/.platformio/packages/toolchain-gccarmnoneeabi@1.70201.0/bin/../lib/gcc/arm-none-eabi/7.2.1/thumb/v7e-m\libgcc.a(_arm_muldivsf3.o)
                0x080004f4                __mulsf3
                0x080004f4                __aeabi_fmul
                0x0800065c                __aeabi_fdiv
                0x0800065c                __divsf3
 .text          0x08000794       0x40 c:/users/des80/.platformio/packages/toolchain-gccarmnoneeabi@1.70201.0/bin/../lib/gcc/arm-none-eabi/7.2.1/thumb/v7e-m\libgcc.a(_arm_fixunssfsi.o)
                0x08000794                __fixunssfsi
                0x08000794                __aeabi_f2uiz
 .text          0x080007d4       0x30 c:/users/des80/.platformio/packages/toolchain-gccarmnoneeabi@1.70201.0/bin/../lib/gcc/arm-none-eabi/7.2.1/thumb/v7e-m\libgcc.a(_aeabi_uldivmod.o)
                0x080007d4                __aeabi_uldivmod
 .text          0x08000804      0x2cc c:/users/des80/.platformio/packages/toolchain-gccarmnoneeabi@1.70201.0/bin/../lib/gcc/arm-none-eabi/7.2.1/thumb/v7e-m\libgcc.a(_udivmoddi4.o)
                0x08000804                __udivmoddi4
 .text          0x08000ad0        0x4 c:/users/des80/.platformio/packages/toolchain-gccarmnoneeabi@1.70201.0/bin/../lib/gcc/arm-none-eabi/7.2.1/thumb/v7e-m\libgcc.a(_dvmd_tls.o)
                0x08000ad0                __aeabi_idiv0
                0x08000ad0                __aeabi_ldiv0
 *(.text*)
 .text.HAL_InitTick
                0x08000ad4       0x4c .pio/build/genericSTM32H750VB/FrameworkHALDriver/Src/stm32h7xx_hal.o
                0x08000ad4                HAL_InitTick
 .text.HAL_Init
                0x08000b20       0x5c .pio/build/genericSTM32H750VB/FrameworkHALDriver/Src/stm32h7xx_hal.o
                0x08000b20                HAL_Init
 .text.HAL_IncTick
                0x08000b7c       0x18 .pio/build/genericSTM32H750VB/FrameworkHALDriver/Src/stm32h7xx_hal.o
                0x08000b7c                HAL_IncTick
 .text.HAL_GetTick
                0x08000b94        0xc .pio/build/genericSTM32H750VB/FrameworkHALDriver/Src/stm32h7xx_hal.o
                0x08000b94                HAL_GetTick
 .text.HAL_Delay
                0x08000ba0       0x24 .pio/build/genericSTM32H750VB/FrameworkHALDriver/Src/stm32h7xx_hal.o
                0x08000ba0                HAL_Delay
 .text.HAL_GetREVID
                0x08000bc4        0xc .pio/build/genericSTM32H750VB/FrameworkHALDriver/Src/stm32h7xx_hal.o
                0x08000bc4                HAL_GetREVID
 .text.HAL_NVIC_SetPriorityGrouping
                0x08000bd0       0x24 .pio/build/genericSTM32H750VB/FrameworkHALDriver/Src/stm32h7xx_hal_cortex.o
                0x08000bd0                HAL_NVIC_SetPriorityGrouping
 .text.HAL_NVIC_SetPriority
                0x08000bf4       0x64 .pio/build/genericSTM32H750VB/FrameworkHALDriver/Src/stm32h7xx_hal_cortex.o
                0x08000bf4                HAL_NVIC_SetPriority
 .text.HAL_NVIC_EnableIRQ
                0x08000c58       0x1c .pio/build/genericSTM32H750VB/FrameworkHALDriver/Src/stm32h7xx_hal_cortex.o
                0x08000c58                HAL_NVIC_EnableIRQ
 .text.HAL_SYSTICK_Config
                0x08000c74       0x2c .pio/build/genericSTM32H750VB/FrameworkHALDriver/Src/stm32h7xx_hal_cortex.o
                0x08000c74                HAL_SYSTICK_Config
 .text.HAL_MPU_Disable
                0x08000ca0       0x20 .pio/build/genericSTM32H750VB/FrameworkHALDriver/Src/stm32h7xx_hal_cortex.o
                0x08000ca0                HAL_MPU_Disable
 .text.HAL_MPU_Enable
                0x08000cc0       0x24 .pio/build/genericSTM32H750VB/FrameworkHALDriver/Src/stm32h7xx_hal_cortex.o
                0x08000cc0                HAL_MPU_Enable
 .text.HAL_MPU_ConfigRegion
                0x08000ce4       0x4c .pio/build/genericSTM32H750VB/FrameworkHALDriver/Src/stm32h7xx_hal_cortex.o
                0x08000ce4                HAL_MPU_ConfigRegion
 .text.DMA_SetConfig
                0x08000d30      0x184 .pio/build/genericSTM32H750VB/FrameworkHALDriver/Src/stm32h7xx_hal_dma.o
 .text.DMA_CalcBaseAndBitshift
                0x08000eb4       0x9c .pio/build/genericSTM32H750VB/FrameworkHALDriver/Src/stm32h7xx_hal_dma.o
 .text.DMA_CalcDMAMUXChannelBaseAndMask
                0x08000f50       0x90 .pio/build/genericSTM32H750VB/FrameworkHALDriver/Src/stm32h7xx_hal_dma.o
 .text.DMA_CalcDMAMUXRequestGenBaseAndMask
                0x08000fe0       0x70 .pio/build/genericSTM32H750VB/FrameworkHALDriver/Src/stm32h7xx_hal_dma.o
 .text.HAL_DMA_Init
                0x08001050      0x388 .pio/build/genericSTM32H750VB/FrameworkHALDriver/Src/stm32h7xx_hal_dma.o
                0x08001050                HAL_DMA_Init
 .text.HAL_DMA_Start_IT
                0x080013d8      0x23c .pio/build/genericSTM32H750VB/FrameworkHALDriver/Src/stm32h7xx_hal_dma.o
                0x080013d8                HAL_DMA_Start_IT
 .text.HAL_DMA_Abort_IT
                0x08001614      0x168 .pio/build/genericSTM32H750VB/FrameworkHALDriver/Src/stm32h7xx_hal_dma.o
                0x08001614                HAL_DMA_Abort_IT
 .text.HAL_DMA_IRQHandler
                0x0800177c      0x548 .pio/build/genericSTM32H750VB/FrameworkHALDriver/Src/stm32h7xx_hal_dma.o
                0x0800177c                HAL_DMA_IRQHandler
 .text.HAL_DMA_GetError
                0x08001cc4        0x4 .pio/build/genericSTM32H750VB/FrameworkHALDriver/Src/stm32h7xx_hal_dma.o
                0x08001cc4                HAL_DMA_GetError
 .text.HAL_GPIO_Init
                0x08001cc8      0x1dc .pio/build/genericSTM32H750VB/FrameworkHALDriver/Src/stm32h7xx_hal_gpio.o
                0x08001cc8                HAL_GPIO_Init
 .text.HAL_GPIO_WritePin
                0x08001ea4        0xa .pio/build/genericSTM32H750VB/FrameworkHALDriver/Src/stm32h7xx_hal_gpio.o
                0x08001ea4                HAL_GPIO_WritePin
 .text.HAL_GPIO_EXTI_Callback
                0x08001eae        0x2 .pio/build/genericSTM32H750VB/FrameworkHALDriver/Src/stm32h7xx_hal_gpio.o
                0x08001eae                HAL_GPIO_EXTI_Callback
 .text.HAL_GPIO_EXTI_IRQHandler
                0x08001eb0       0x18 .pio/build/genericSTM32H750VB/FrameworkHALDriver/Src/stm32h7xx_hal_gpio.o
                0x08001eb0                HAL_GPIO_EXTI_IRQHandler
 .text.HAL_I2C_Init
                0x08001ec8       0xaa .pio/build/genericSTM32H750VB/FrameworkHALDriver/Src/stm32h7xx_hal_i2c.o
                0x08001ec8                HAL_I2C_Init
 .text.HAL_I2CEx_ConfigAnalogFilter
                0x08001f72       0x4c .pio/build/genericSTM32H750VB/FrameworkHALDriver/Src/stm32h7xx_hal_i2c_ex.o
                0x08001f72                HAL_I2CEx_ConfigAnalogFilter
 .text.HAL_I2CEx_ConfigDigitalFilter
                0x08001fbe       0x4a .pio/build/genericSTM32H750VB/FrameworkHALDriver/Src/stm32h7xx_hal_i2c_ex.o
                0x08001fbe                HAL_I2CEx_ConfigDigitalFilter
 .text.HAL_PCD_Init
                0x08002008       0xe0 .pio/build/genericSTM32H750VB/FrameworkHALDriver/Src/stm32h7xx_hal_pcd.o
                0x08002008                HAL_PCD_Init
 .text.HAL_PCD_Start
                0x080020e8       0x3e .pio/build/genericSTM32H750VB/FrameworkHALDriver/Src/stm32h7xx_hal_pcd.o
                0x080020e8                HAL_PCD_Start
 .text.HAL_PCD_SetAddress
                0x08002126       0x26 .pio/build/genericSTM32H750VB/FrameworkHALDriver/Src/stm32h7xx_hal_pcd.o
                0x08002126                HAL_PCD_SetAddress
 .text.HAL_PCD_EP_Open
                0x0800214c       0x72 .pio/build/genericSTM32H750VB/FrameworkHALDriver/Src/stm32h7xx_hal_pcd.o
                0x0800214c                HAL_PCD_EP_Open
 .text.HAL_PCD_EP_Close
                0x080021be       0x5c .pio/build/genericSTM32H750VB/FrameworkHALDriver/Src/stm32h7xx_hal_pcd.o
                0x080021be                HAL_PCD_EP_Close
 .text.HAL_PCD_EP_Receive
                0x0800221a       0x40 .pio/build/genericSTM32H750VB/FrameworkHALDriver/Src/stm32h7xx_hal_pcd.o
                0x0800221a                HAL_PCD_EP_Receive
 .text.HAL_PCD_EP_Transmit
                0x0800225a       0x34 .pio/build/genericSTM32H750VB/FrameworkHALDriver/Src/stm32h7xx_hal_pcd.o
                0x0800225a                HAL_PCD_EP_Transmit
 .text.HAL_PCD_EP_SetStall
                0x0800228e       0x72 .pio/build/genericSTM32H750VB/FrameworkHALDriver/Src/stm32h7xx_hal_pcd.o
                0x0800228e                HAL_PCD_EP_SetStall
 .text.HAL_PCD_EP_ClrStall
                0x08002300       0x6a .pio/build/genericSTM32H750VB/FrameworkHALDriver/Src/stm32h7xx_hal_pcd.o
                0x08002300                HAL_PCD_EP_ClrStall
 .text.HAL_PCD_EP_Abort
                0x0800236a       0x20 .pio/build/genericSTM32H750VB/FrameworkHALDriver/Src/stm32h7xx_hal_pcd.o
                0x0800236a                HAL_PCD_EP_Abort
 *fill*         0x0800238a        0x2 
 .text.HAL_PCD_IRQHandler
                0x0800238c      0x708 .pio/build/genericSTM32H750VB/FrameworkHALDriver/Src/stm32h7xx_hal_pcd.o
                0x0800238c                HAL_PCD_IRQHandler
 .text.HAL_PCDEx_SetTxFiFo
                0x08002a94       0x40 .pio/build/genericSTM32H750VB/FrameworkHALDriver/Src/stm32h7xx_hal_pcd_ex.o
                0x08002a94                HAL_PCDEx_SetTxFiFo
 .text.HAL_PCDEx_SetRxFiFo
                0x08002ad4        0x8 .pio/build/genericSTM32H750VB/FrameworkHALDriver/Src/stm32h7xx_hal_pcd_ex.o
                0x08002ad4                HAL_PCDEx_SetRxFiFo
 .text.HAL_PCDEx_ActivateLPM
                0x08002adc       0x26 .pio/build/genericSTM32H750VB/FrameworkHALDriver/Src/stm32h7xx_hal_pcd_ex.o
                0x08002adc                HAL_PCDEx_ActivateLPM
 .text.HAL_PCDEx_LPM_Callback
                0x08002b02        0x2 .pio/build/genericSTM32H750VB/FrameworkHALDriver/Src/stm32h7xx_hal_pcd_ex.o
                0x08002b02                HAL_PCDEx_LPM_Callback
 .text.HAL_PWR_EnableBkUpAccess
                0x08002b04       0x10 .pio/build/genericSTM32H750VB/FrameworkHALDriver/Src/stm32h7xx_hal_pwr.o
                0x08002b04                HAL_PWR_EnableBkUpAccess
 .text.HAL_PWREx_ConfigSupply
                0x08002b14       0x48 .pio/build/genericSTM32H750VB/FrameworkHALDriver/Src/stm32h7xx_hal_pwr_ex.o
                0x08002b14                HAL_PWREx_ConfigSupply
 .text.HAL_PWREx_EnableUSBVoltageDetector
                0x08002b5c       0x10 .pio/build/genericSTM32H750VB/FrameworkHALDriver/Src/stm32h7xx_hal_pwr_ex.o
                0x08002b5c                HAL_PWREx_EnableUSBVoltageDetector
 .text.QSPI_WaitFlagStateUntilTimeout
                0x08002b6c       0x4a .pio/build/genericSTM32H750VB/FrameworkHALDriver/Src/stm32h7xx_hal_qspi.o
 *fill*         0x08002bb6        0x2 
 .text.HAL_QSPI_Init
                0x08002bb8       0x98 .pio/build/genericSTM32H750VB/FrameworkHALDriver/Src/stm32h7xx_hal_qspi.o
                0x08002bb8                HAL_QSPI_Init
 .text.HAL_RCC_OscConfig
                0x08002c50      0x55c .pio/build/genericSTM32H750VB/FrameworkHALDriver/Src/stm32h7xx_hal_rcc.o
                0x08002c50                HAL_RCC_OscConfig
 .text.HAL_RCC_GetSysClockFreq
                0x080031ac      0x150 .pio/build/genericSTM32H750VB/FrameworkHALDriver/Src/stm32h7xx_hal_rcc.o
                0x080031ac                HAL_RCC_GetSysClockFreq
 .text.HAL_RCC_ClockConfig
                0x080032fc      0x24c .pio/build/genericSTM32H750VB/FrameworkHALDriver/Src/stm32h7xx_hal_rcc.o
                0x080032fc                HAL_RCC_ClockConfig
 .text.HAL_RCC_GetHCLKFreq
                0x08003548       0x44 .pio/build/genericSTM32H750VB/FrameworkHALDriver/Src/stm32h7xx_hal_rcc.o
                0x08003548                HAL_RCC_GetHCLKFreq
 .text.HAL_RCC_GetPCLK1Freq
                0x0800358c       0x24 .pio/build/genericSTM32H750VB/FrameworkHALDriver/Src/stm32h7xx_hal_rcc.o
                0x0800358c                HAL_RCC_GetPCLK1Freq
 .text.HAL_RCC_GetPCLK2Freq
                0x080035b0       0x24 .pio/build/genericSTM32H750VB/FrameworkHALDriver/Src/stm32h7xx_hal_rcc.o
                0x080035b0                HAL_RCC_GetPCLK2Freq
 .text.RCCEx_PLL2_Config
                0x080035d4       0xf0 .pio/build/genericSTM32H750VB/FrameworkHALDriver/Src/stm32h7xx_hal_rcc_ex.o
 .text.RCCEx_PLL3_Config
                0x080036c4       0xf0 .pio/build/genericSTM32H750VB/FrameworkHALDriver/Src/stm32h7xx_hal_rcc_ex.o
 .text.HAL_RCCEx_PeriphCLKConfig
                0x080037b4      0xaf4 .pio/build/genericSTM32H750VB/FrameworkHALDriver/Src/stm32h7xx_hal_rcc_ex.o
                0x080037b4                HAL_RCCEx_PeriphCLKConfig
 .text.HAL_RCCEx_GetD3PCLK1Freq
                0x080042a8       0x24 .pio/build/genericSTM32H750VB/FrameworkHALDriver/Src/stm32h7xx_hal_rcc_ex.o
                0x080042a8                HAL_RCCEx_GetD3PCLK1Freq
 .text.HAL_RCCEx_GetPLL2ClockFreq
                0x080042cc      0x170 .pio/build/genericSTM32H750VB/FrameworkHALDriver/Src/stm32h7xx_hal_rcc_ex.o
                0x080042cc                HAL_RCCEx_GetPLL2ClockFreq
 .text.HAL_RCCEx_GetPLL3ClockFreq
                0x0800443c      0x170 .pio/build/genericSTM32H750VB/FrameworkHALDriver/Src/stm32h7xx_hal_rcc_ex.o
                0x0800443c                HAL_RCCEx_GetPLL3ClockFreq
 .text.HAL_RTC_WaitForSynchro
                0x080045ac       0x30 .pio/build/genericSTM32H750VB/FrameworkHALDriver/Src/stm32h7xx_hal_rtc.o
                0x080045ac                HAL_RTC_WaitForSynchro
 .text.RTC_EnterInitMode
                0x080045dc       0x44 .pio/build/genericSTM32H750VB/FrameworkHALDriver/Src/stm32h7xx_hal_rtc.o
                0x080045dc                RTC_EnterInitMode
 .text.RTC_ExitInitMode
                0x08004620       0x44 .pio/build/genericSTM32H750VB/FrameworkHALDriver/Src/stm32h7xx_hal_rtc.o
                0x08004620                RTC_ExitInitMode
 .text.HAL_RTC_Init
                0x08004664       0x98 .pio/build/genericSTM32H750VB/FrameworkHALDriver/Src/stm32h7xx_hal_rtc.o
                0x08004664                HAL_RTC_Init
 .text.SPI_CloseTransfer
                0x080046fc       0xcc .pio/build/genericSTM32H750VB/FrameworkHALDriver/Src/stm32h7xx_hal_spi.o
 .text.SPI_WaitOnFlagUntilTimeout.constprop.3
                0x080047c8       0x26 .pio/build/genericSTM32H750VB/FrameworkHALDriver/Src/stm32h7xx_hal_spi.o
 *fill*         0x080047ee        0x2 
 .text.HAL_SPI_Init
                0x080047f0      0x220 .pio/build/genericSTM32H750VB/FrameworkHALDriver/Src/stm32h7xx_hal_spi.o
                0x080047f0                HAL_SPI_Init
 .text.HAL_SPI_Transmit
                0x08004a10      0x248 .pio/build/genericSTM32H750VB/FrameworkHALDriver/Src/stm32h7xx_hal_spi.o
                0x08004a10                HAL_SPI_Transmit
 .text.HAL_SPI_Transmit_DMA
                0x08004c58      0x15c .pio/build/genericSTM32H750VB/FrameworkHALDriver/Src/stm32h7xx_hal_spi.o
                0x08004c58                HAL_SPI_Transmit_DMA
 .text.HAL_SPI_TxCpltCallback
                0x08004db4        0x2 .pio/build/genericSTM32H750VB/FrameworkHALDriver/Src/stm32h7xx_hal_spi.o
                0x08004db4                HAL_SPI_TxCpltCallback
 .text.SPI_DMATransmitCplt
                0x08004db6       0x28 .pio/build/genericSTM32H750VB/FrameworkHALDriver/Src/stm32h7xx_hal_spi.o
 .text.HAL_SPI_RxCpltCallback
                0x08004dde        0x2 .pio/build/genericSTM32H750VB/FrameworkHALDriver/Src/stm32h7xx_hal_spi.o
                0x08004dde                HAL_SPI_RxCpltCallback
 .text.HAL_SPI_TxRxCpltCallback
                0x08004de0        0x2 .pio/build/genericSTM32H750VB/FrameworkHALDriver/Src/stm32h7xx_hal_spi.o
                0x08004de0                HAL_SPI_TxRxCpltCallback
 .text.HAL_SPI_TxHalfCpltCallback
                0x08004de2        0x2 .pio/build/genericSTM32H750VB/FrameworkHALDriver/Src/stm32h7xx_hal_spi.o
                0x08004de2                HAL_SPI_TxHalfCpltCallback
 .text.SPI_DMAHalfTransmitCplt
                0x08004de4        0xa .pio/build/genericSTM32H750VB/FrameworkHALDriver/Src/stm32h7xx_hal_spi.o
 .text.HAL_SPI_ErrorCallback
                0x08004dee        0x2 .pio/build/genericSTM32H750VB/FrameworkHALDriver/Src/stm32h7xx_hal_spi.o
                0x08004dee                HAL_SPI_ErrorCallback
 .text.SPI_DMAError
                0x08004df0       0x2a .pio/build/genericSTM32H750VB/FrameworkHALDriver/Src/stm32h7xx_hal_spi.o
 .text.SPI_DMAAbortOnError
                0x08004e1a       0x1a .pio/build/genericSTM32H750VB/FrameworkHALDriver/Src/stm32h7xx_hal_spi.o
 .text.HAL_SPI_SuspendCallback
                0x08004e34        0x2 .pio/build/genericSTM32H750VB/FrameworkHALDriver/Src/stm32h7xx_hal_spi.o
                0x08004e34                HAL_SPI_SuspendCallback
 *fill*         0x08004e36        0x2 
 .text.HAL_SPI_IRQHandler
                0x08004e38      0x208 .pio/build/genericSTM32H750VB/FrameworkHALDriver/Src/stm32h7xx_hal_spi.o
                0x08004e38                HAL_SPI_IRQHandler
 .text.HAL_SPI_GetState
                0x08005040        0x6 .pio/build/genericSTM32H750VB/FrameworkHALDriver/Src/stm32h7xx_hal_spi.o
                0x08005040                HAL_SPI_GetState
 *fill*         0x08005046        0x2 
 .text.TIM_OC1_SetConfig
                0x08005048       0x98 .pio/build/genericSTM32H750VB/FrameworkHALDriver/Src/stm32h7xx_hal_tim.o
 .text.TIM_OC3_SetConfig
                0x080050e0       0x88 .pio/build/genericSTM32H750VB/FrameworkHALDriver/Src/stm32h7xx_hal_tim.o
 .text.TIM_OC4_SetConfig
                0x08005168       0x68 .pio/build/genericSTM32H750VB/FrameworkHALDriver/Src/stm32h7xx_hal_tim.o
 .text.TIM_OC5_SetConfig
                0x080051d0       0x68 .pio/build/genericSTM32H750VB/FrameworkHALDriver/Src/stm32h7xx_hal_tim.o
 .text.TIM_OC6_SetConfig
                0x08005238       0x68 .pio/build/genericSTM32H750VB/FrameworkHALDriver/Src/stm32h7xx_hal_tim.o
 .text.TIM_Base_SetConfig
                0x080052a0       0xd4 .pio/build/genericSTM32H750VB/FrameworkHALDriver/Src/stm32h7xx_hal_tim.o
                0x080052a0                TIM_Base_SetConfig
 .text.HAL_TIM_PWM_Init
                0x08005374       0x60 .pio/build/genericSTM32H750VB/FrameworkHALDriver/Src/stm32h7xx_hal_tim.o
                0x08005374                HAL_TIM_PWM_Init
 .text.TIM_OC2_SetConfig
                0x080053d4       0x8c .pio/build/genericSTM32H750VB/FrameworkHALDriver/Src/stm32h7xx_hal_tim.o
                0x080053d4                TIM_OC2_SetConfig
 .text.HAL_TIM_PWM_ConfigChannel
                0x08005460      0x106 .pio/build/genericSTM32H750VB/FrameworkHALDriver/Src/stm32h7xx_hal_tim.o
                0x08005460                HAL_TIM_PWM_ConfigChannel
 *fill*         0x08005566        0x2 
 .text.HAL_TIMEx_MasterConfigSynchronization
                0x08005568       0x9c .pio/build/genericSTM32H750VB/FrameworkHALDriver/Src/stm32h7xx_hal_tim_ex.o
                0x08005568                HAL_TIMEx_MasterConfigSynchronization
 .text.HAL_TIMEx_ConfigBreakDeadTime
                0x08005604       0x84 .pio/build/genericSTM32H750VB/FrameworkHALDriver/Src/stm32h7xx_hal_tim_ex.o
                0x08005604                HAL_TIMEx_ConfigBreakDeadTime
 .text.UART_EndRxTransfer
                0x08005688       0x58 .pio/build/genericSTM32H750VB/FrameworkHALDriver/Src/stm32h7xx_hal_uart.o
 .text.UART_SetConfig
                0x080056e0      0x364 .pio/build/genericSTM32H750VB/FrameworkHALDriver/Src/stm32h7xx_hal_uart.o
                0x080056e0                UART_SetConfig
 .text.UART_AdvFeatureConfig
                0x08005a44       0xaa .pio/build/genericSTM32H750VB/FrameworkHALDriver/Src/stm32h7xx_hal_uart.o
                0x08005a44                UART_AdvFeatureConfig
 .text.UART_WaitOnFlagUntilTimeout
                0x08005aee       0x88 .pio/build/genericSTM32H750VB/FrameworkHALDriver/Src/stm32h7xx_hal_uart.o
                0x08005aee                UART_WaitOnFlagUntilTimeout
 .text.UART_CheckIdleState
                0x08005b76       0xb8 .pio/build/genericSTM32H750VB/FrameworkHALDriver/Src/stm32h7xx_hal_uart.o
                0x08005b76                UART_CheckIdleState
 .text.HAL_UART_Init
                0x08005c2e       0x60 .pio/build/genericSTM32H750VB/FrameworkHALDriver/Src/stm32h7xx_hal_uart.o
                0x08005c2e                HAL_UART_Init
 *fill*         0x08005c8e        0x2 
 .text.UARTEx_SetNbDataToProcess
                0x08005c90       0x44 .pio/build/genericSTM32H750VB/FrameworkHALDriver/Src/stm32h7xx_hal_uart_ex.o
 .text.HAL_UARTEx_EnableFifoMode
                0x08005cd4       0x46 .pio/build/genericSTM32H750VB/FrameworkHALDriver/Src/stm32h7xx_hal_uart_ex.o
                0x08005cd4                HAL_UARTEx_EnableFifoMode
 .text.HAL_UARTEx_DisableFifoMode
                0x08005d1a       0x36 .pio/build/genericSTM32H750VB/FrameworkHALDriver/Src/stm32h7xx_hal_uart_ex.o
                0x08005d1a                HAL_UARTEx_DisableFifoMode
 .text.HAL_UARTEx_SetTxFifoThreshold
                0x08005d50       0x48 .pio/build/genericSTM32H750VB/FrameworkHALDriver/Src/stm32h7xx_hal_uart_ex.o
                0x08005d50                HAL_UARTEx_SetTxFifoThreshold
 .text.HAL_UARTEx_SetRxFifoThreshold
                0x08005d98       0x48 .pio/build/genericSTM32H750VB/FrameworkHALDriver/Src/stm32h7xx_hal_uart_ex.o
                0x08005d98                HAL_UARTEx_SetRxFifoThreshold
 .text.USB_CoreReset
                0x08005de0       0x46 .pio/build/genericSTM32H750VB/FrameworkHALDriver/Src/stm32h7xx_ll_usb.o
 .text.USB_CoreInit
                0x08005e26       0x9c .pio/build/genericSTM32H750VB/FrameworkHALDriver/Src/stm32h7xx_ll_usb.o
                0x08005e26                USB_CoreInit
 *fill*         0x08005ec2        0x2 
 .text.USB_SetTurnaroundTime
                0x08005ec4       0xe8 .pio/build/genericSTM32H750VB/FrameworkHALDriver/Src/stm32h7xx_ll_usb.o
                0x08005ec4                USB_SetTurnaroundTime
 .text.USB_EnableGlobalInt
                0x08005fac        0xc .pio/build/genericSTM32H750VB/FrameworkHALDriver/Src/stm32h7xx_ll_usb.o
                0x08005fac                USB_EnableGlobalInt
 .text.USB_DisableGlobalInt
                0x08005fb8        0xc .pio/build/genericSTM32H750VB/FrameworkHALDriver/Src/stm32h7xx_ll_usb.o
                0x08005fb8                USB_DisableGlobalInt
 .text.USB_SetCurrentMode
                0x08005fc4       0x5c .pio/build/genericSTM32H750VB/FrameworkHALDriver/Src/stm32h7xx_ll_usb.o
                0x08005fc4                USB_SetCurrentMode
 .text.USB_FlushTxFifo
                0x08006020       0x46 .pio/build/genericSTM32H750VB/FrameworkHALDriver/Src/stm32h7xx_ll_usb.o
                0x08006020                USB_FlushTxFifo
 .text.USB_FlushRxFifo
                0x08006066       0x42 .pio/build/genericSTM32H750VB/FrameworkHALDriver/Src/stm32h7xx_ll_usb.o
                0x08006066                USB_FlushRxFifo
 .text.USB_SetDevSpeed
                0x080060a8        0xe .pio/build/genericSTM32H750VB/FrameworkHALDriver/Src/stm32h7xx_ll_usb.o
                0x080060a8                USB_SetDevSpeed
 *fill*         0x080060b6        0x2 
 .text.USB_DevInit
                0x080060b8      0x174 .pio/build/genericSTM32H750VB/FrameworkHALDriver/Src/stm32h7xx_ll_usb.o
                0x080060b8                USB_DevInit
 .text.USB_GetDevSpeed
                0x0800622c       0x16 .pio/build/genericSTM32H750VB/FrameworkHALDriver/Src/stm32h7xx_ll_usb.o
                0x0800622c                USB_GetDevSpeed
 .text.USB_ActivateEndpoint
                0x08006242       0x7c .pio/build/genericSTM32H750VB/FrameworkHALDriver/Src/stm32h7xx_ll_usb.o
                0x08006242                USB_ActivateEndpoint
 *fill*         0x080062be        0x2 
 .text.USB_DeactivateEndpoint
                0x080062c0       0xa4 .pio/build/genericSTM32H750VB/FrameworkHALDriver/Src/stm32h7xx_ll_usb.o
                0x080062c0                USB_DeactivateEndpoint
 .text.USB_EPStopXfer
                0x08006364       0x82 .pio/build/genericSTM32H750VB/FrameworkHALDriver/Src/stm32h7xx_ll_usb.o
                0x08006364                USB_EPStopXfer
 .text.USB_WritePacket
                0x080063e6       0x28 .pio/build/genericSTM32H750VB/FrameworkHALDriver/Src/stm32h7xx_ll_usb.o
                0x080063e6                USB_WritePacket
 *fill*         0x0800640e        0x2 
 .text.USB_EPStartXfer
                0x08006410      0x1e0 .pio/build/genericSTM32H750VB/FrameworkHALDriver/Src/stm32h7xx_ll_usb.o
                0x08006410                USB_EPStartXfer
 .text.USB_ReadPacket
                0x080065f0       0x4a .pio/build/genericSTM32H750VB/FrameworkHALDriver/Src/stm32h7xx_ll_usb.o
                0x080065f0                USB_ReadPacket
 .text.USB_EPSetStall
                0x0800663a       0x56 .pio/build/genericSTM32H750VB/FrameworkHALDriver/Src/stm32h7xx_ll_usb.o
                0x0800663a                USB_EPSetStall
 .text.USB_EPClearStall
                0x08006690       0x52 .pio/build/genericSTM32H750VB/FrameworkHALDriver/Src/stm32h7xx_ll_usb.o
                0x08006690                USB_EPClearStall
 .text.USB_SetDevAddress
                0x080066e2       0x20 .pio/build/genericSTM32H750VB/FrameworkHALDriver/Src/stm32h7xx_ll_usb.o
                0x080066e2                USB_SetDevAddress
 .text.USB_DevConnect
                0x08006702       0x1c .pio/build/genericSTM32H750VB/FrameworkHALDriver/Src/stm32h7xx_ll_usb.o
                0x08006702                USB_DevConnect
 .text.USB_DevDisconnect
                0x0800671e       0x1c .pio/build/genericSTM32H750VB/FrameworkHALDriver/Src/stm32h7xx_ll_usb.o
                0x0800671e                USB_DevDisconnect
 .text.USB_ReadInterrupts
                0x0800673a        0x8 .pio/build/genericSTM32H750VB/FrameworkHALDriver/Src/stm32h7xx_ll_usb.o
                0x0800673a                USB_ReadInterrupts
 .text.USB_ReadDevAllOutEpInterrupt
                0x08006742       0x10 .pio/build/genericSTM32H750VB/FrameworkHALDriver/Src/stm32h7xx_ll_usb.o
                0x08006742                USB_ReadDevAllOutEpInterrupt
 .text.USB_ReadDevAllInEpInterrupt
                0x08006752       0x10 .pio/build/genericSTM32H750VB/FrameworkHALDriver/Src/stm32h7xx_ll_usb.o
                0x08006752                USB_ReadDevAllInEpInterrupt
 .text.USB_ReadDevOutEPInterrupt
                0x08006762       0x12 .pio/build/genericSTM32H750VB/FrameworkHALDriver/Src/stm32h7xx_ll_usb.o
                0x08006762                USB_ReadDevOutEPInterrupt
 .text.USB_ReadDevInEPInterrupt
                0x08006774       0x24 .pio/build/genericSTM32H750VB/FrameworkHALDriver/Src/stm32h7xx_ll_usb.o
                0x08006774                USB_ReadDevInEPInterrupt
 .text.USB_GetMode
                0x08006798        0x8 .pio/build/genericSTM32H750VB/FrameworkHALDriver/Src/stm32h7xx_ll_usb.o
                0x08006798                USB_GetMode
 .text.USB_ActivateSetup
                0x080067a0       0x20 .pio/build/genericSTM32H750VB/FrameworkHALDriver/Src/stm32h7xx_ll_usb.o
                0x080067a0                USB_ActivateSetup
 .text.USB_EP0_OutStart
                0x080067c0       0x4c .pio/build/genericSTM32H750VB/FrameworkHALDriver/Src/stm32h7xx_ll_usb.o
                0x080067c0                USB_EP0_OutStart
 .text.MX_DMA_Init
                0x0800680c       0x38 .pio/build/genericSTM32H750VB/src/dma.o
                0x0800680c                MX_DMA_Init
 .text.MX_GPIO_Init
                0x08006844      0x250 .pio/build/genericSTM32H750VB/src/gpio.o
                0x08006844                MX_GPIO_Init
 .text.MX_I2C1_Init
                0x08006a94       0x58 .pio/build/genericSTM32H750VB/src/i2c.o
                0x08006a94                MX_I2C1_Init
 .text.HAL_I2C_MspInit
                0x08006aec       0x94 .pio/build/genericSTM32H750VB/src/i2c.o
                0x08006aec                HAL_I2C_MspInit
 .text.SystemClock_Config
                0x08006b80       0xd8 .pio/build/genericSTM32H750VB/src/main.o
                0x08006b80                SystemClock_Config
 .text.startup.main
                0x08006c58      0x190 .pio/build/genericSTM32H750VB/src/main.o
                0x08006c58                main
 .text.Error_Handler
                0x08006de8        0x4 .pio/build/genericSTM32H750VB/src/main.o
                0x08006de8                Error_Handler
 .text.MX_QUADSPI_Init
                0x08006dec       0x40 .pio/build/genericSTM32H750VB/src/quadspi.o
                0x08006dec                MX_QUADSPI_Init
 .text.HAL_QSPI_MspInit
                0x08006e2c      0x114 .pio/build/genericSTM32H750VB/src/quadspi.o
                0x08006e2c                HAL_QSPI_MspInit
 .text.MX_RTC_Init
                0x08006f40       0x34 .pio/build/genericSTM32H750VB/src/rtc.o
                0x08006f40                MX_RTC_Init
 .text.HAL_RTC_MspInit
                0x08006f74       0x4c .pio/build/genericSTM32H750VB/src/rtc.o
                0x08006f74                HAL_RTC_MspInit
 .text.MX_SPI1_Init
                0x08006fc0       0x5c .pio/build/genericSTM32H750VB/src/spi.o
                0x08006fc0                MX_SPI1_Init
 .text.MX_SPI4_Init
                0x0800701c       0x64 .pio/build/genericSTM32H750VB/src/spi.o
                0x0800701c                MX_SPI4_Init
 .text.MX_SPI6_Init
                0x08007080       0x5c .pio/build/genericSTM32H750VB/src/spi.o
                0x08007080                MX_SPI6_Init
 .text.HAL_SPI_MspInit
                0x080070dc      0x1f8 .pio/build/genericSTM32H750VB/src/spi.o
                0x080070dc                HAL_SPI_MspInit
 .text.ST7796_WriteData
                0x080072d4       0x48 .pio/build/genericSTM32H750VB/src/st7796/st7796.o
 .text.ST7796_WriteCmd
                0x0800731c       0x48 .pio/build/genericSTM32H750VB/src/st7796/st7796.o
 .text.ST7796_WriteDataByte
                0x08007364       0x48 .pio/build/genericSTM32H750VB/src/st7796/st7796.o
 .text.ST7796_TransmitDMA.constprop.3
                0x080073ac       0x54 .pio/build/genericSTM32H750VB/src/st7796/st7796.o
 .text.ST7796_SetAddressWindow
                0x08007400       0x64 .pio/build/genericSTM32H750VB/src/st7796/st7796.o
                0x08007400                ST7796_SetAddressWindow
 .text.ST7796_FillScreen
                0x08007464       0x6c .pio/build/genericSTM32H750VB/src/st7796/st7796.o
                0x08007464                ST7796_FillScreen
 .text.RGB565   0x080074d0       0x18 .pio/build/genericSTM32H750VB/src/st7796/st7796.o
                0x080074d0                RGB565
 .text.ST7796_Init
                0x080074e8       0x8c .pio/build/genericSTM32H750VB/src/st7796/st7796.o
                0x080074e8                ST7796_Init
 .text.HAL_MspInit
                0x08007574       0x24 .pio/build/genericSTM32H750VB/src/stm32h7xx_hal_msp.o
                0x08007574                HAL_MspInit
 .text.NMI_Handler
                0x08007598        0x2 .pio/build/genericSTM32H750VB/src/stm32h7xx_it.o
                0x08007598                NMI_Handler
 .text.HardFault_Handler
                0x0800759a        0x2 .pio/build/genericSTM32H750VB/src/stm32h7xx_it.o
                0x0800759a                HardFault_Handler
 .text.MemManage_Handler
                0x0800759c        0x2 .pio/build/genericSTM32H750VB/src/stm32h7xx_it.o
                0x0800759c                MemManage_Handler
 .text.BusFault_Handler
                0x0800759e        0x2 .pio/build/genericSTM32H750VB/src/stm32h7xx_it.o
                0x0800759e                BusFault_Handler
 .text.UsageFault_Handler
                0x080075a0        0x2 .pio/build/genericSTM32H750VB/src/stm32h7xx_it.o
                0x080075a0                UsageFault_Handler
 .text.SVC_Handler
                0x080075a2        0x2 .pio/build/genericSTM32H750VB/src/stm32h7xx_it.o
                0x080075a2                SVC_Handler
 .text.DebugMon_Handler
                0x080075a4        0x2 .pio/build/genericSTM32H750VB/src/stm32h7xx_it.o
                0x080075a4                DebugMon_Handler
 .text.PendSV_Handler
                0x080075a6        0x2 .pio/build/genericSTM32H750VB/src/stm32h7xx_it.o
                0x080075a6                PendSV_Handler
 .text.SysTick_Handler
                0x080075a8        0x4 .pio/build/genericSTM32H750VB/src/stm32h7xx_it.o
                0x080075a8                SysTick_Handler
 .text.EXTI2_IRQHandler
                0x080075ac        0x6 .pio/build/genericSTM32H750VB/src/stm32h7xx_it.o
                0x080075ac                EXTI2_IRQHandler
 .text.EXTI3_IRQHandler
                0x080075b2        0x6 .pio/build/genericSTM32H750VB/src/stm32h7xx_it.o
                0x080075b2                EXTI3_IRQHandler
 .text.EXTI4_IRQHandler
                0x080075b8        0x6 .pio/build/genericSTM32H750VB/src/stm32h7xx_it.o
                0x080075b8                EXTI4_IRQHandler
 *fill*         0x080075be        0x2 
 .text.DMA1_Stream0_IRQHandler
                0x080075c0        0xc .pio/build/genericSTM32H750VB/src/stm32h7xx_it.o
                0x080075c0                DMA1_Stream0_IRQHandler
 .text.EXTI9_5_IRQHandler
                0x080075cc       0x12 .pio/build/genericSTM32H750VB/src/stm32h7xx_it.o
                0x080075cc                EXTI9_5_IRQHandler
 *fill*         0x080075de        0x2 
 .text.SPI4_IRQHandler
                0x080075e0        0xc .pio/build/genericSTM32H750VB/src/stm32h7xx_it.o
                0x080075e0                SPI4_IRQHandler
 .text.OTG_FS_IRQHandler
                0x080075ec        0xc .pio/build/genericSTM32H750VB/src/stm32h7xx_it.o
                0x080075ec                OTG_FS_IRQHandler
 .text.HAL_TIM_PWM_MspInit
                0x080075f8       0x30 .pio/build/genericSTM32H750VB/src/tim.o
                0x080075f8                HAL_TIM_PWM_MspInit
 .text.HAL_TIM_MspPostInit
                0x08007628       0x88 .pio/build/genericSTM32H750VB/src/tim.o
                0x08007628                HAL_TIM_MspPostInit
 .text.MX_TIM1_Init
                0x080076b0       0xc8 .pio/build/genericSTM32H750VB/src/tim.o
                0x080076b0                MX_TIM1_Init
 .text.MX_UART4_Init
                0x08007778       0x64 .pio/build/genericSTM32H750VB/src/usart.o
                0x08007778                MX_UART4_Init
 .text.MX_UART5_Init
                0x080077dc       0x74 .pio/build/genericSTM32H750VB/src/usart.o
                0x080077dc                MX_UART5_Init
 .text.MX_UART8_Init
                0x08007850       0x68 .pio/build/genericSTM32H750VB/src/usart.o
                0x08007850                MX_UART8_Init
 .text.HAL_UART_MspInit
                0x080078b8      0x198 .pio/build/genericSTM32H750VB/src/usart.o
                0x080078b8                HAL_UART_MspInit
 .text.MX_USB_DEVICE_Init
                0x08007a50       0x54 .pio/build/genericSTM32H750VB/src/usb/usb_device.o
                0x08007a50                MX_USB_DEVICE_Init
 .text.HAL_PCD_MspInit
                0x08007aa4       0xc4 .pio/build/genericSTM32H750VB/src/usb/usbd_conf.o
                0x08007aa4                HAL_PCD_MspInit
 .text.HAL_PCD_SetupStageCallback
                0x08007b68        0xc .pio/build/genericSTM32H750VB/src/usb/usbd_conf.o
                0x08007b68                HAL_PCD_SetupStageCallback
 .text.HAL_PCD_DataOutStageCallback
                0x08007b74       0x12 .pio/build/genericSTM32H750VB/src/usb/usbd_conf.o
                0x08007b74                HAL_PCD_DataOutStageCallback
 .text.HAL_PCD_DataInStageCallback
                0x08007b86       0x10 .pio/build/genericSTM32H750VB/src/usb/usbd_conf.o
                0x08007b86                HAL_PCD_DataInStageCallback
 .text.HAL_PCD_SOFCallback
                0x08007b96        0x8 .pio/build/genericSTM32H750VB/src/usb/usbd_conf.o
                0x08007b96                HAL_PCD_SOFCallback
 .text.HAL_PCD_ResetCallback
                0x08007b9e       0x26 .pio/build/genericSTM32H750VB/src/usb/usbd_conf.o
                0x08007b9e                HAL_PCD_ResetCallback
 .text.HAL_PCD_SuspendCallback
                0x08007bc4       0x30 .pio/build/genericSTM32H750VB/src/usb/usbd_conf.o
                0x08007bc4                HAL_PCD_SuspendCallback
 .text.HAL_PCD_ResumeCallback
                0x08007bf4        0x8 .pio/build/genericSTM32H750VB/src/usb/usbd_conf.o
                0x08007bf4                HAL_PCD_ResumeCallback
 .text.HAL_PCD_ISOOUTIncompleteCallback
                0x08007bfc        0x8 .pio/build/genericSTM32H750VB/src/usb/usbd_conf.o
                0x08007bfc                HAL_PCD_ISOOUTIncompleteCallback
 .text.HAL_PCD_ISOINIncompleteCallback
                0x08007c04        0x8 .pio/build/genericSTM32H750VB/src/usb/usbd_conf.o
                0x08007c04                HAL_PCD_ISOINIncompleteCallback
 .text.HAL_PCD_ConnectCallback
                0x08007c0c        0x8 .pio/build/genericSTM32H750VB/src/usb/usbd_conf.o
                0x08007c0c                HAL_PCD_ConnectCallback
 .text.HAL_PCD_DisconnectCallback
                0x08007c14        0x8 .pio/build/genericSTM32H750VB/src/usb/usbd_conf.o
                0x08007c14                HAL_PCD_DisconnectCallback
 .text.USBD_LL_Init
                0x08007c1c       0x64 .pio/build/genericSTM32H750VB/src/usb/usbd_conf.o
                0x08007c1c                USBD_LL_Init
 .text.USBD_LL_Start
                0x08007c80       0x1c .pio/build/genericSTM32H750VB/src/usb/usbd_conf.o
                0x08007c80                USBD_LL_Start
 .text.USBD_LL_OpenEP
                0x08007c9c       0x20 .pio/build/genericSTM32H750VB/src/usb/usbd_conf.o
                0x08007c9c                USBD_LL_OpenEP
 .text.USBD_LL_CloseEP
                0x08007cbc       0x1c .pio/build/genericSTM32H750VB/src/usb/usbd_conf.o
                0x08007cbc                USBD_LL_CloseEP
 .text.USBD_LL_StallEP
                0x08007cd8       0x1c .pio/build/genericSTM32H750VB/src/usb/usbd_conf.o
                0x08007cd8                USBD_LL_StallEP
 .text.USBD_LL_ClearStallEP
                0x08007cf4       0x1c .pio/build/genericSTM32H750VB/src/usb/usbd_conf.o
                0x08007cf4                USBD_LL_ClearStallEP
 .text.USBD_LL_IsStallEP
                0x08007d10       0x24 .pio/build/genericSTM32H750VB/src/usb/usbd_conf.o
                0x08007d10                USBD_LL_IsStallEP
 .text.USBD_LL_SetUSBAddress
                0x08007d34       0x1c .pio/build/genericSTM32H750VB/src/usb/usbd_conf.o
                0x08007d34                USBD_LL_SetUSBAddress
 .text.USBD_LL_Transmit
                0x08007d50       0x1c .pio/build/genericSTM32H750VB/src/usb/usbd_conf.o
                0x08007d50                USBD_LL_Transmit
 .text.USBD_LL_PrepareReceive
                0x08007d6c       0x1c .pio/build/genericSTM32H750VB/src/usb/usbd_conf.o
                0x08007d6c                USBD_LL_PrepareReceive
 .text.USBD_static_malloc
                0x08007d88        0x8 .pio/build/genericSTM32H750VB/src/usb/usbd_conf.o
                0x08007d88                USBD_static_malloc
 .text.USBD_static_free
                0x08007d90        0x2 .pio/build/genericSTM32H750VB/src/usb/usbd_conf.o
                0x08007d90                USBD_static_free
 .text.CUSTOM_HID_Init_FS
                0x08007d92        0x4 .pio/build/genericSTM32H750VB/src/usb/usbd_custom_hid_if.o
 *fill*         0x08007d96        0x2 
 .text.CUSTOM_HID_OutEvent_FS
                0x08007d98       0x18 .pio/build/genericSTM32H750VB/src/usb/usbd_custom_hid_if.o
 .text.CUSTOM_HID_DeInit_FS
                0x08007db0        0x4 .pio/build/genericSTM32H750VB/src/usb/usbd_custom_hid_if.o
 .text.USBD_FS_DeviceDescriptor
                0x08007db4        0xc .pio/build/genericSTM32H750VB/src/usb/usbd_desc.o
                0x08007db4                USBD_FS_DeviceDescriptor
 .text.USBD_FS_LangIDStrDescriptor
                0x08007dc0        0xc .pio/build/genericSTM32H750VB/src/usb/usbd_desc.o
                0x08007dc0                USBD_FS_LangIDStrDescriptor
 .text.IntToUnicode
                0x08007dcc       0x28 .pio/build/genericSTM32H750VB/src/usb/usbd_desc.o
 .text.USBD_FS_SerialStrDescriptor
                0x08007df4       0x40 .pio/build/genericSTM32H750VB/src/usb/usbd_desc.o
                0x08007df4                USBD_FS_SerialStrDescriptor
 .text.USBD_FS_ManufacturerStrDescriptor
                0x08007e34       0x1c .pio/build/genericSTM32H750VB/src/usb/usbd_desc.o
                0x08007e34                USBD_FS_ManufacturerStrDescriptor
 .text.USBD_FS_ProductStrDescriptor
                0x08007e50       0x1c .pio/build/genericSTM32H750VB/src/usb/usbd_desc.o
                0x08007e50                USBD_FS_ProductStrDescriptor
 .text.USBD_FS_ConfigStrDescriptor
                0x08007e6c       0x1c .pio/build/genericSTM32H750VB/src/usb/usbd_desc.o
                0x08007e6c                USBD_FS_ConfigStrDescriptor
 .text.USBD_FS_InterfaceStrDescriptor
                0x08007e88       0x1c .pio/build/genericSTM32H750VB/src/usb/usbd_desc.o
                0x08007e88                USBD_FS_InterfaceStrDescriptor
 .text.USBD_Init
                0x08007ea4       0x26 .pio/build/genericSTM32H750VB/lib90e/libCore.a(usbd_core.o)
                0x08007ea4                USBD_Init
 .text.USBD_RegisterClass
                0x08007eca       0x32 .pio/build/genericSTM32H750VB/lib90e/libCore.a(usbd_core.o)
                0x08007eca                USBD_RegisterClass
 .text.USBD_Start
                0x08007efc        0x4 .pio/build/genericSTM32H750VB/lib90e/libCore.a(usbd_core.o)
                0x08007efc                USBD_Start
 .text.USBD_SetClassConfig
                0x08007f00        0xe .pio/build/genericSTM32H750VB/lib90e/libCore.a(usbd_core.o)
                0x08007f00                USBD_SetClassConfig
 .text.USBD_ClrClassConfig
                0x08007f0e       0x14 .pio/build/genericSTM32H750VB/lib90e/libCore.a(usbd_core.o)
                0x08007f0e                USBD_ClrClassConfig
 .text.USBD_LL_SetupStage
                0x08007f22       0x60 .pio/build/genericSTM32H750VB/lib90e/libCore.a(usbd_core.o)
                0x08007f22                USBD_LL_SetupStage
 .text.USBD_LL_DataOutStage
                0x08007f82       0x6e .pio/build/genericSTM32H750VB/lib90e/libCore.a(usbd_core.o)
                0x08007f82                USBD_LL_DataOutStage
 .text.USBD_LL_DataInStage
                0x08007ff0       0xa6 .pio/build/genericSTM32H750VB/lib90e/libCore.a(usbd_core.o)
                0x08007ff0                USBD_LL_DataInStage
 .text.USBD_LL_Reset
                0x08008096       0x5e .pio/build/genericSTM32H750VB/lib90e/libCore.a(usbd_core.o)
                0x08008096                USBD_LL_Reset
 .text.USBD_LL_SetSpeed
                0x080080f4        0x6 .pio/build/genericSTM32H750VB/lib90e/libCore.a(usbd_core.o)
                0x080080f4                USBD_LL_SetSpeed
 .text.USBD_LL_Suspend
                0x080080fa       0x1c .pio/build/genericSTM32H750VB/lib90e/libCore.a(usbd_core.o)
                0x080080fa                USBD_LL_Suspend
 .text.USBD_LL_Resume
                0x08008116       0x16 .pio/build/genericSTM32H750VB/lib90e/libCore.a(usbd_core.o)
                0x08008116                USBD_LL_Resume
 .text.USBD_LL_SOF
                0x0800812c       0x1a .pio/build/genericSTM32H750VB/lib90e/libCore.a(usbd_core.o)
                0x0800812c                USBD_LL_SOF
 .text.USBD_LL_IsoINIncomplete
                0x08008146       0x28 .pio/build/genericSTM32H750VB/lib90e/libCore.a(usbd_core.o)
                0x08008146                USBD_LL_IsoINIncomplete
 .text.USBD_LL_IsoOUTIncomplete
                0x0800816e       0x28 .pio/build/genericSTM32H750VB/lib90e/libCore.a(usbd_core.o)
                0x0800816e                USBD_LL_IsoOUTIncomplete
 .text.USBD_LL_DevConnected
                0x08008196        0x4 .pio/build/genericSTM32H750VB/lib90e/libCore.a(usbd_core.o)
                0x08008196                USBD_LL_DevConnected
 .text.USBD_LL_DevDisconnected
                0x0800819a       0x20 .pio/build/genericSTM32H750VB/lib90e/libCore.a(usbd_core.o)
                0x0800819a                USBD_LL_DevDisconnected
 .text.USBD_CoreFindIF
                0x080081ba        0x4 .pio/build/genericSTM32H750VB/lib90e/libCore.a(usbd_core.o)
                0x080081ba                USBD_CoreFindIF
 .text.USBD_CoreFindEP
                0x080081be        0x4 .pio/build/genericSTM32H750VB/lib90e/libCore.a(usbd_core.o)
                0x080081be                USBD_CoreFindEP
 .text.USBD_GetEpDesc
                0x080081c2       0x24 .pio/build/genericSTM32H750VB/lib90e/libCore.a(usbd_core.o)
                0x080081c2                USBD_GetEpDesc
 .text.USBD_CtlError.constprop.0
                0x080081e6       0x16 .pio/build/genericSTM32H750VB/lib90e/libCore.a(usbd_ctlreq.o)
 .text.USBD_StdDevReq
                0x080081fc      0x2ac .pio/build/genericSTM32H750VB/lib90e/libCore.a(usbd_ctlreq.o)
                0x080081fc                USBD_StdDevReq
 .text.USBD_StdItfReq
                0x080084a8       0x60 .pio/build/genericSTM32H750VB/lib90e/libCore.a(usbd_ctlreq.o)
                0x080084a8                USBD_StdItfReq
 .text.USBD_StdEPReq
                0x08008508      0x13a .pio/build/genericSTM32H750VB/lib90e/libCore.a(usbd_ctlreq.o)
                0x08008508                USBD_StdEPReq
 .text.USBD_ParseSetupRequest
                0x08008642       0x28 .pio/build/genericSTM32H750VB/lib90e/libCore.a(usbd_ctlreq.o)
                0x08008642                USBD_ParseSetupRequest
 .text.USBD_CtlError
                0x0800866a       0x16 .pio/build/genericSTM32H750VB/lib90e/libCore.a(usbd_ctlreq.o)
                0x0800866a                USBD_CtlError
 .text.USBD_GetString
                0x08008680       0x38 .pio/build/genericSTM32H750VB/lib90e/libCore.a(usbd_ctlreq.o)
                0x08008680                USBD_GetString
 .text.USBD_CtlSendData
                0x080086b8       0x1a .pio/build/genericSTM32H750VB/lib90e/libCore.a(usbd_ioreq.o)
                0x080086b8                USBD_CtlSendData
 .text.USBD_CtlContinueSendData
                0x080086d2       0x10 .pio/build/genericSTM32H750VB/lib90e/libCore.a(usbd_ioreq.o)
                0x080086d2                USBD_CtlContinueSendData
 .text.USBD_CtlPrepareRx
                0x080086e2       0x1e .pio/build/genericSTM32H750VB/lib90e/libCore.a(usbd_ioreq.o)
                0x080086e2                USBD_CtlPrepareRx
 .text.USBD_CtlContinueRx
                0x08008700       0x10 .pio/build/genericSTM32H750VB/lib90e/libCore.a(usbd_ioreq.o)
                0x08008700                USBD_CtlContinueRx
 .text.USBD_CtlSendStatus
                0x08008710       0x16 .pio/build/genericSTM32H750VB/lib90e/libCore.a(usbd_ioreq.o)
                0x08008710                USBD_CtlSendStatus
 .text.USBD_CtlReceiveStatus
                0x08008726       0x16 .pio/build/genericSTM32H750VB/lib90e/libCore.a(usbd_ioreq.o)
                0x08008726                USBD_CtlReceiveStatus
 .text.USBD_CUSTOM_HID_DataIn
                0x0800873c       0x12 .pio/build/genericSTM32H750VB/lib3fc/libCustomHID.a(usbd_customhid.o)
 .text.USBD_CUSTOM_HID_DataOut
                0x0800874e       0x24 .pio/build/genericSTM32H750VB/lib3fc/libCustomHID.a(usbd_customhid.o)
 .text.USBD_CUSTOM_HID_EP0_RxReady
                0x08008772       0x30 .pio/build/genericSTM32H750VB/lib3fc/libCustomHID.a(usbd_customhid.o)
 *fill*         0x080087a2        0x2 
 .text.USBD_CUSTOM_HID_GetDeviceQualifierDesc
                0x080087a4        0xc .pio/build/genericSTM32H750VB/lib3fc/libCustomHID.a(usbd_customhid.o)
 .text.USBD_CUSTOM_HID_GetFSCfgDesc
                0x080087b0       0x40 .pio/build/genericSTM32H750VB/lib3fc/libCustomHID.a(usbd_customhid.o)
 .text.USBD_CUSTOM_HID_GetOtherSpeedCfgDesc
                0x080087f0        0x4 .pio/build/genericSTM32H750VB/lib3fc/libCustomHID.a(usbd_customhid.o)
 .text.USBD_CUSTOM_HID_GetHSCfgDesc
                0x080087f4       0x40 .pio/build/genericSTM32H750VB/lib3fc/libCustomHID.a(usbd_customhid.o)
 .text.USBD_CUSTOM_HID_Setup
                0x08008834      0x11c .pio/build/genericSTM32H750VB/lib3fc/libCustomHID.a(usbd_customhid.o)
 .text.USBD_CUSTOM_HID_DeInit
                0x08008950       0x50 .pio/build/genericSTM32H750VB/lib3fc/libCustomHID.a(usbd_customhid.o)
 .text.USBD_CUSTOM_HID_Init
                0x080089a0       0x76 .pio/build/genericSTM32H750VB/lib3fc/libCustomHID.a(usbd_customhid.o)
 .text.USBD_CUSTOM_HID_ReceivePacket
                0x08008a16       0x1e .pio/build/genericSTM32H750VB/lib3fc/libCustomHID.a(usbd_customhid.o)
                0x08008a16                USBD_CUSTOM_HID_ReceivePacket
 .text.USBD_CUSTOM_HID_RegisterInterface
                0x08008a34       0x16 .pio/build/genericSTM32H750VB/lib3fc/libCustomHID.a(usbd_customhid.o)
                0x08008a34                USBD_CUSTOM_HID_RegisterInterface
 *fill*         0x08008a4a        0x2 
 .text.__libc_init_array
                0x08008a4c       0x48 c:/users/des80/.platformio/packages/toolchain-gccarmnoneeabi@1.70201.0/bin/../lib/gcc/arm-none-eabi/7.2.1/../../../../arm-none-eabi/lib/thumb/v7e-m\libc_nano.a(lib_a-init.o)
                0x08008a4c                __libc_init_array
 .text.memset   0x08008a94       0x10 c:/users/des80/.platformio/packages/toolchain-gccarmnoneeabi@1.70201.0/bin/../lib/gcc/arm-none-eabi/7.2.1/../../../../arm-none-eabi/lib/thumb/v7e-m\libc_nano.a(lib_a-memset.o)
                0x08008a94                memset
 .text.Reset_Handler
                0x08008aa4       0x54 .pio/build/genericSTM32H750VB/libFrameworkCMSISDevice.a(startup_stm32h750xx.o)
                0x08008aa4                Reset_Handler
 .text.Default_Handler
                0x08008af8        0x2 .pio/build/genericSTM32H750VB/libFrameworkCMSISDevice.a(startup_stm32h750xx.o)
                0x08008af8                RTC_Alarm_IRQHandler
                0x08008af8                HASH_RNG_IRQHandler
                0x08008af8                TIM8_CC_IRQHandler
                0x08008af8                HRTIM1_Master_IRQHandler
                0x08008af8                UART8_IRQHandler
                0x08008af8                TIM1_CC_IRQHandler
                0x08008af8                BDMA_Channel6_IRQHandler
                0x08008af8                DMA2_Stream5_IRQHandler
                0x08008af8                HRTIM1_FLT_IRQHandler
                0x08008af8                JPEG_IRQHandler
                0x08008af8                DMA1_Stream5_IRQHandler
                0x08008af8                BDMA_Channel1_IRQHandler
                0x08008af8                HRTIM1_TIMD_IRQHandler
                0x08008af8                TAMP_STAMP_IRQHandler
                0x08008af8                LPTIM4_IRQHandler
                0x08008af8                TIM8_TRG_COM_TIM14_IRQHandler
                0x08008af8                LPTIM2_IRQHandler
                0x08008af8                DFSDM1_FLT1_IRQHandler
                0x08008af8                DMAMUX2_OVR_IRQHandler
                0x08008af8                TIM8_UP_TIM13_IRQHandler
                0x08008af8                I2C3_ER_IRQHandler
                0x08008af8                DFSDM1_FLT2_IRQHandler
                0x08008af8                MDMA_IRQHandler
                0x08008af8                LPTIM3_IRQHandler
                0x08008af8                HSEM1_IRQHandler
                0x08008af8                EXTI0_IRQHandler
                0x08008af8                I2C2_EV_IRQHandler
                0x08008af8                DMA1_Stream2_IRQHandler
                0x08008af8                FPU_IRQHandler
                0x08008af8                OTG_HS_WKUP_IRQHandler
                0x08008af8                FDCAN1_IT1_IRQHandler
                0x08008af8                LTDC_ER_IRQHandler
                0x08008af8                DMA2_Stream2_IRQHandler
                0x08008af8                HRTIM1_TIME_IRQHandler
                0x08008af8                SPI1_IRQHandler
                0x08008af8                TIM6_DAC_IRQHandler
                0x08008af8                DCMI_IRQHandler
                0x08008af8                HRTIM1_TIMC_IRQHandler
                0x08008af8                DMA2_Stream3_IRQHandler
                0x08008af8                SAI2_IRQHandler
                0x08008af8                DFSDM1_FLT3_IRQHandler
                0x08008af8                USART6_IRQHandler
                0x08008af8                TIM17_IRQHandler
                0x08008af8                USART3_IRQHandler
                0x08008af8                BDMA_Channel7_IRQHandler
                0x08008af8                CRYP_IRQHandler
                0x08008af8                LPTIM5_IRQHandler
                0x08008af8                UART5_IRQHandler
                0x08008af8                ADC3_IRQHandler
                0x08008af8                DMA2_Stream0_IRQHandler
                0x08008af8                TIM4_IRQHandler
                0x08008af8                BDMA_Channel2_IRQHandler
                0x08008af8                QUADSPI_IRQHandler
                0x08008af8                I2C1_EV_IRQHandler
                0x08008af8                DMA1_Stream6_IRQHandler
                0x08008af8                DMAMUX1_OVR_IRQHandler
                0x08008af8                DMA1_Stream1_IRQHandler
                0x08008af8                TIM16_IRQHandler
                0x08008af8                UART4_IRQHandler
                0x08008af8                BDMA_Channel5_IRQHandler
                0x08008af8                TIM3_IRQHandler
                0x08008af8                RCC_IRQHandler
                0x08008af8                TIM8_BRK_TIM12_IRQHandler
                0x08008af8                TIM1_TRG_COM_IRQHandler
                0x08008af8                Default_Handler
                0x08008af8                ECC_IRQHandler
                0x08008af8                CEC_IRQHandler
                0x08008af8                EXTI15_10_IRQHandler
                0x08008af8                BDMA_Channel0_IRQHandler
                0x08008af8                ADC_IRQHandler
                0x08008af8                DMA1_Stream7_IRQHandler
                0x08008af8                HRTIM1_TIMA_IRQHandler
                0x08008af8                SPI5_IRQHandler
                0x08008af8                TIM7_IRQHandler
                0x08008af8                SDMMC1_IRQHandler
                0x08008af8                TIM5_IRQHandler
                0x08008af8                DMA2_Stream7_IRQHandler
                0x08008af8                TIM15_IRQHandler
                0x08008af8                PVD_AVD_IRQHandler
                0x08008af8                I2C3_EV_IRQHandler
                0x08008af8                RTC_WKUP_IRQHandler
                0x08008af8                LTDC_IRQHandler
                0x08008af8                SAI3_IRQHandler
                0x08008af8                ETH_WKUP_IRQHandler
                0x08008af8                SPDIF_RX_IRQHandler
                0x08008af8                SPI2_IRQHandler
                0x08008af8                OTG_HS_EP1_IN_IRQHandler
                0x08008af8                CRS_IRQHandler
                0x08008af8                HRTIM1_TIMB_IRQHandler
                0x08008af8                FDCAN2_IT1_IRQHandler
                0x08008af8                ETH_IRQHandler
                0x08008af8                TIM1_UP_IRQHandler
                0x08008af8                BDMA_Channel4_IRQHandler
                0x08008af8                OTG_HS_EP1_OUT_IRQHandler
                0x08008af8                WWDG_IRQHandler
                0x08008af8                SPI6_IRQHandler
                0x08008af8                MDIOS_IRQHandler
                0x08008af8                I2C4_EV_IRQHandler
                0x08008af8                FDCAN2_IT0_IRQHandler
                0x08008af8                LPUART1_IRQHandler
                0x08008af8                FDCAN1_IT0_IRQHandler
                0x08008af8                TIM2_IRQHandler
                0x08008af8                OTG_FS_WKUP_IRQHandler
                0x08008af8                OTG_HS_IRQHandler
                0x08008af8                DMA2D_IRQHandler
                0x08008af8                TIM1_BRK_IRQHandler
                0x08008af8                EXTI1_IRQHandler
                0x08008af8                SDMMC2_IRQHandler
                0x08008af8                OTG_FS_EP1_OUT_IRQHandler
                0x08008af8                BDMA_Channel3_IRQHandler
                0x08008af8                UART7_IRQHandler
                0x08008af8                MDIOS_WKUP_IRQHandler
                0x08008af8                USART2_IRQHandler
                0x08008af8                DFSDM1_FLT0_IRQHandler
                0x08008af8                SAI4_IRQHandler
                0x08008af8                I2C2_ER_IRQHandler
                0x08008af8                DMA2_Stream1_IRQHandler
                0x08008af8                FLASH_IRQHandler
                0x08008af8                DMA2_Stream4_IRQHandler
                0x08008af8                USART1_IRQHandler
                0x08008af8                SPI3_IRQHandler
                0x08008af8                WAKEUP_PIN_IRQHandler
                0x08008af8                DMA1_Stream4_IRQHandler
                0x08008af8                OTG_FS_EP1_IN_IRQHandler
                0x08008af8                I2C1_ER_IRQHandler
                0x08008af8                FMC_IRQHandler
                0x08008af8                FDCAN_CAL_IRQHandler
                0x08008af8                SWPMI1_IRQHandler
                0x08008af8                COMP1_IRQHandler
                0x08008af8                LPTIM1_IRQHandler
                0x08008af8                I2C4_ER_IRQHandler
                0x08008af8                DMA2_Stream6_IRQHandler
                0x08008af8                SAI1_IRQHandler
                0x08008af8                DMA1_Stream3_IRQHandler
 *fill*         0x08008afa        0x2 
 .text.SystemInit
                0x08008afc       0xd4 .pio/build/genericSTM32H750VB/libFrameworkCMSISDevice.a(system_stm32h7xx.o)
                0x08008afc                SystemInit
 .text.ExitRun0Mode
                0x08008bd0        0x2 .pio/build/genericSTM32H750VB/libFrameworkCMSISDevice.a(system_stm32h7xx.o)
                0x08008bd0                ExitRun0Mode
 *(.glue_7)
 .glue_7        0x08008bd2        0x0 linker stubs
 *(.glue_7t)
 .glue_7t       0x08008bd2        0x0 linker stubs
 *(.eh_frame)
 *fill*         0x08008bd2        0x2 
 .eh_frame      0x08008bd4        0x0 c:/users/des80/.platformio/packages/toolchain-gccarmnoneeabi@1.70201.0/bin/../lib/gcc/arm-none-eabi/7.2.1/thumb/v7e-m/crtbegin.o
 *(.init)
 .init          0x08008bd4        0x4 c:/users/des80/.platformio/packages/toolchain-gccarmnoneeabi@1.70201.0/bin/../lib/gcc/arm-none-eabi/7.2.1/thumb/v7e-m/crti.o
                0x08008bd4                _init
 .init          0x08008bd8        0x8 c:/users/des80/.platformio/packages/toolchain-gccarmnoneeabi@1.70201.0/bin/../lib/gcc/arm-none-eabi/7.2.1/thumb/v7e-m/crtn.o
 *(.fini)
 .fini          0x08008be0        0x4 c:/users/des80/.platformio/packages/toolchain-gccarmnoneeabi@1.70201.0/bin/../lib/gcc/arm-none-eabi/7.2.1/thumb/v7e-m/crti.o
                0x08008be0                _fini
 .fini          0x08008be4        0x8 c:/users/des80/.platformio/packages/toolchain-gccarmnoneeabi@1.70201.0/bin/../lib/gcc/arm-none-eabi/7.2.1/thumb/v7e-m/crtn.o
                0x08008bec                . = ALIGN (0x4)
                0x08008bec                _etext = .

.vfp11_veneer   0x08008bec        0x0
 .vfp11_veneer  0x08008bec        0x0 linker stubs

.v4_bx          0x08008bec        0x0
 .v4_bx         0x08008bec        0x0 linker stubs

.iplt           0x08008bec        0x0
 .iplt          0x08008bec        0x0 c:/users/des80/.platformio/packages/toolchain-gccarmnoneeabi@1.70201.0/bin/../lib/gcc/arm-none-eabi/7.2.1/thumb/v7e-m/crtbegin.o

.rodata         0x08008bec       0xd4
                0x08008bec                . = ALIGN (0x4)
 *(.rodata)
 *(.rodata*)
 .rodata.flagBitshiftOffset.17200
                0x08008bec        0x8 .pio/build/genericSTM32H750VB/FrameworkHALDriver/Src/stm32h7xx_hal_dma.o
 .rodata.CSWTCH.61
                0x08008bf4       0x29 .pio/build/genericSTM32H750VB/FrameworkHALDriver/Src/stm32h7xx_hal_uart.o
 .rodata.CSWTCH.62
                0x08008c1d        0x6 .pio/build/genericSTM32H750VB/FrameworkHALDriver/Src/stm32h7xx_hal_uart.o
 .rodata.CSWTCH.69
                0x08008c23        0x6 .pio/build/genericSTM32H750VB/FrameworkHALDriver/Src/stm32h7xx_hal_uart.o
 *fill*         0x08008c29        0x1 
 .rodata.UARTPrescTable
                0x08008c2a       0x18 .pio/build/genericSTM32H750VB/FrameworkHALDriver/Src/stm32h7xx_hal_uart.o
                0x08008c2a                UARTPrescTable
 .rodata.denominator.17171
                0x08008c42        0x8 .pio/build/genericSTM32H750VB/FrameworkHALDriver/Src/stm32h7xx_hal_uart_ex.o
 .rodata.numerator.17170
                0x08008c4a        0x8 .pio/build/genericSTM32H750VB/FrameworkHALDriver/Src/stm32h7xx_hal_uart_ex.o
 .rodata.CSWTCH.23
                0x08008c52        0x4 .pio/build/genericSTM32H750VB/src/usb/usbd_conf.o
 .rodata.USBD_FS_ConfigStrDescriptor.str1.1
                0x08008c56       0x12 .pio/build/genericSTM32H750VB/src/usb/usbd_desc.o
 .rodata.USBD_FS_InterfaceStrDescriptor.str1.1
                0x08008c68       0x15 .pio/build/genericSTM32H750VB/src/usb/usbd_desc.o
 .rodata.USBD_FS_ManufacturerStrDescriptor.str1.1
                0x08008c7d       0x13 .pio/build/genericSTM32H750VB/src/usb/usbd_desc.o
 .rodata.USBD_FS_ProductStrDescriptor.str1.1
                0x08008c90       0x1d .pio/build/genericSTM32H750VB/src/usb/usbd_desc.o
 .rodata.D1CorePrescTable
                0x08008cad       0x10 .pio/build/genericSTM32H750VB/libFrameworkCMSISDevice.a(system_stm32h7xx.o)
                0x08008cad                D1CorePrescTable
                0x08008cc0                . = ALIGN (0x4)
 *fill*         0x08008cbd        0x3 

.ARM.extab
 *(.ARM.extab* .gnu.linkonce.armextab.*)

.ARM            0x08008cc0        0x8
                0x08008cc0                __exidx_start = .
 *(.ARM.exidx*)
 .ARM.exidx     0x08008cc0        0x8 c:/users/des80/.platformio/packages/toolchain-gccarmnoneeabi@1.70201.0/bin/../lib/gcc/arm-none-eabi/7.2.1/thumb/v7e-m\libgcc.a(_udivmoddi4.o)
                0x08008cc8                __exidx_end = .

.rel.dyn        0x08008cc8        0x0
 .rel.iplt      0x08008cc8        0x0 c:/users/des80/.platformio/packages/toolchain-gccarmnoneeabi@1.70201.0/bin/../lib/gcc/arm-none-eabi/7.2.1/thumb/v7e-m/crtbegin.o

.preinit_array  0x08008cc8        0x0
                0x08008cc8                PROVIDE (__preinit_array_start, .)
 *(.preinit_array*)
                0x08008cc8                PROVIDE (__preinit_array_end, .)

.init_array     0x08008cc8        0x4
                0x08008cc8                PROVIDE (__init_array_start, .)
 *(SORT_BY_NAME(.init_array.*))
 *(.init_array*)
 .init_array    0x08008cc8        0x4 c:/users/des80/.platformio/packages/toolchain-gccarmnoneeabi@1.70201.0/bin/../lib/gcc/arm-none-eabi/7.2.1/thumb/v7e-m/crtbegin.o
                0x08008ccc                PROVIDE (__init_array_end, .)

.fini_array     0x08008ccc        0x4
                [!provide]                PROVIDE (__fini_array_start, .)
 *(SORT_BY_NAME(.fini_array.*))
 *(.fini_array*)
 .fini_array    0x08008ccc        0x4 c:/users/des80/.platformio/packages/toolchain-gccarmnoneeabi@1.70201.0/bin/../lib/gcc/arm-none-eabi/7.2.1/thumb/v7e-m/crtbegin.o
                [!provide]                PROVIDE (__fini_array_end, .)
                0x08008cd0                _sidata = LOADADDR (.data)

.data           0x24000000      0x104 load address 0x08008cd0
                0x24000000                . = ALIGN (0x4)
                0x24000000                _sdata = .
 *(.data)
 *(.data*)
 .data.uwTickFreq
                0x24000000        0x1 .pio/build/genericSTM32H750VB/FrameworkHALDriver/Src/stm32h7xx_hal.o
                0x24000000                uwTickFreq
 *fill*         0x24000001        0x3 
 .data.uwTickPrio
                0x24000004        0x4 .pio/build/genericSTM32H750VB/FrameworkHALDriver/Src/stm32h7xx_hal.o
                0x24000004                uwTickPrio
 .data.CUSTOM_HID_ReportDesc_FS
                0x24000008       0x14 .pio/build/genericSTM32H750VB/src/usb/usbd_custom_hid_if.o
 .data.USBD_CustomHID_fops_FS
                0x2400001c       0x10 .pio/build/genericSTM32H750VB/src/usb/usbd_custom_hid_if.o
                0x2400001c                USBD_CustomHID_fops_FS
 .data.FS_Desc  0x2400002c       0x20 .pio/build/genericSTM32H750VB/src/usb/usbd_desc.o
                0x2400002c                FS_Desc
 .data.USBD_FS_DeviceDesc
                0x2400004c       0x12 .pio/build/genericSTM32H750VB/src/usb/usbd_desc.o
                0x2400004c                USBD_FS_DeviceDesc
 *fill*         0x2400005e        0x2 
 .data.USBD_LangIDDesc
                0x24000060        0x4 .pio/build/genericSTM32H750VB/src/usb/usbd_desc.o
                0x24000060                USBD_LangIDDesc
 .data.USBD_StringSerial
                0x24000064       0x1a .pio/build/genericSTM32H750VB/src/usb/usbd_desc.o
                0x24000064                USBD_StringSerial
 *fill*         0x2400007e        0x2 
 .data.USBD_CUSTOM_HID
                0x24000080       0x38 .pio/build/genericSTM32H750VB/lib3fc/libCustomHID.a(usbd_customhid.o)
                0x24000080                USBD_CUSTOM_HID
 .data.USBD_CUSTOM_HID_CfgDesc
                0x240000b8       0x29 .pio/build/genericSTM32H750VB/lib3fc/libCustomHID.a(usbd_customhid.o)
 *fill*         0x240000e1        0x3 
 .data.USBD_CUSTOM_HID_Desc
                0x240000e4        0x9 .pio/build/genericSTM32H750VB/lib3fc/libCustomHID.a(usbd_customhid.o)
 *fill*         0x240000ed        0x3 
 .data.USBD_CUSTOM_HID_DeviceQualifierDesc
                0x240000f0        0xa .pio/build/genericSTM32H750VB/lib3fc/libCustomHID.a(usbd_customhid.o)
 *fill*         0x240000fa        0x2 
 .data.SystemCoreClock
                0x240000fc        0x4 .pio/build/genericSTM32H750VB/libFrameworkCMSISDevice.a(system_stm32h7xx.o)
                0x240000fc                SystemCoreClock
 .data.SystemD2Clock
                0x24000100        0x4 .pio/build/genericSTM32H750VB/libFrameworkCMSISDevice.a(system_stm32h7xx.o)
                0x24000100                SystemD2Clock
 *(.RamFunc)
 *(.RamFunc*)
                0x24000104                . = ALIGN (0x4)
                0x24000104                _edata = .

.igot.plt       0x24000104        0x0 load address 0x08008dd4
 .igot.plt      0x24000104        0x0 c:/users/des80/.platformio/packages/toolchain-gccarmnoneeabi@1.70201.0/bin/../lib/gcc/arm-none-eabi/7.2.1/thumb/v7e-m/crtbegin.o

.ram_d1         0x24000120    0x4b280 load address 0x08008dd4
 .ram_d1        0x24000120    0x4b280 .pio/build/genericSTM32H750VB/src/st7796/st7796.o
                0x24000120                dma_buffer
                0x240003a0                frame_buffer
                0x2404b3a0                . = ALIGN (0x4)

.bss            0x2404b3a0      0xf80 load address 0x08054054
                0x2404b3a0                _sbss = .
                0x2404b3a0                __bss_start__ = _sbss
 *(.bss)
 .bss           0x2404b3a0       0x1c c:/users/des80/.platformio/packages/toolchain-gccarmnoneeabi@1.70201.0/bin/../lib/gcc/arm-none-eabi/7.2.1/thumb/v7e-m/crtbegin.o
 *(.bss*)
 .bss.mem.18996
                0x2404b3bc       0x58 .pio/build/genericSTM32H750VB/src/usb/usbd_conf.o
 .bss.cfgidx.18939
                0x2404b414        0x1 .pio/build/genericSTM32H750VB/lib90e/libCore.a(usbd_ctlreq.o)
 *(COMMON)
 *fill*         0x2404b415        0x3 
 COMMON         0x2404b418        0x4 .pio/build/genericSTM32H750VB/FrameworkHALDriver/Src/stm32h7xx_hal.o
                0x2404b418                uwTick
 COMMON         0x2404b41c       0x54 .pio/build/genericSTM32H750VB/src/i2c.o
                0x2404b41c                hi2c1
 COMMON         0x2404b470       0xe0 .pio/build/genericSTM32H750VB/src/main.o
                0x2404b470                pCID
                0x2404b488                pCSD
                0x2404b4b4                hdma_spi4_tx
                0x2404b52c                pCardInfo
 COMMON         0x2404b550       0x4c .pio/build/genericSTM32H750VB/src/quadspi.o
                0x2404b550                hqspi
 COMMON         0x2404b59c       0x24 .pio/build/genericSTM32H750VB/src/rtc.o
                0x2404b59c                hrtc
 COMMON         0x2404b5c0      0x198 .pio/build/genericSTM32H750VB/src/spi.o
                0x2404b5c0                hspi6
                0x2404b648                hspi4
                0x2404b6d0                hspi1
 COMMON         0x2404b758       0x4c .pio/build/genericSTM32H750VB/src/tim.o
                0x2404b758                htim1
 COMMON         0x2404b7a4      0x1bc .pio/build/genericSTM32H750VB/src/usart.o
                0x2404b7a4                huart5
                0x2404b838                huart8
                0x2404b8cc                huart4
 COMMON         0x2404b960      0x2dc .pio/build/genericSTM32H750VB/src/usb/usb_device.o
                0x2404b960                hUsbDeviceFS
 COMMON         0x2404bc3c      0x4e4 .pio/build/genericSTM32H750VB/src/usb/usbd_conf.o
                0x2404bc3c                hpcd_USB_OTG_FS
 COMMON         0x2404c120      0x200 .pio/build/genericSTM32H750VB/src/usb/usbd_desc.o
                0x2404c120                USBD_StrDesc
                0x2404c320                . = ALIGN (0x4)
                0x2404c320                _ebss = .
                0x2404c320                __bss_end__ = _ebss

._user_heap_stack
                0x2404c320      0x600 load address 0x08054054
                0x2404c320                . = ALIGN (0x8)
                [!provide]                PROVIDE (end, .)
                [!provide]                PROVIDE (_end, .)
                0x2404c520                . = (. + _Min_Heap_Size)
 *fill*         0x2404c320      0x200 
                0x2404c920                . = (. + _Min_Stack_Size)
 *fill*         0x2404c520      0x400 
                0x2404c920                . = ALIGN (0x8)

/DISCARD/
 libc.a(*)
 libm.a(*)
 libgcc.a(*)

.ARM.attributes
                0x00000000       0x2a
 *(.ARM.attributes)
 .ARM.attributes
                0x00000000       0x1e c:/users/des80/.platformio/packages/toolchain-gccarmnoneeabi@1.70201.0/bin/../lib/gcc/arm-none-eabi/7.2.1/thumb/v7e-m/crti.o
 .ARM.attributes
                0x0000001e       0x2e c:/users/des80/.platformio/packages/toolchain-gccarmnoneeabi@1.70201.0/bin/../lib/gcc/arm-none-eabi/7.2.1/thumb/v7e-m/crtbegin.o
 .ARM.attributes
                0x0000004c       0x33 .pio/build/genericSTM32H750VB/FrameworkHALDriver/Src/stm32h7xx_hal.o
 .ARM.attributes
                0x0000007f       0x33 .pio/build/genericSTM32H750VB/FrameworkHALDriver/Src/stm32h7xx_hal_cortex.o
 .ARM.attributes
                0x000000b2       0x33 .pio/build/genericSTM32H750VB/FrameworkHALDriver/Src/stm32h7xx_hal_dma.o
 .ARM.attributes
                0x000000e5       0x33 .pio/build/genericSTM32H750VB/FrameworkHALDriver/Src/stm32h7xx_hal_gpio.o
 .ARM.attributes
                0x00000118       0x33 .pio/build/genericSTM32H750VB/FrameworkHALDriver/Src/stm32h7xx_hal_i2c.o
 .ARM.attributes
                0x0000014b       0x33 .pio/build/genericSTM32H750VB/FrameworkHALDriver/Src/stm32h7xx_hal_i2c_ex.o
 .ARM.attributes
                0x0000017e       0x33 .pio/build/genericSTM32H750VB/FrameworkHALDriver/Src/stm32h7xx_hal_pcd.o
 .ARM.attributes
                0x000001b1       0x33 .pio/build/genericSTM32H750VB/FrameworkHALDriver/Src/stm32h7xx_hal_pcd_ex.o
 .ARM.attributes
                0x000001e4       0x33 .pio/build/genericSTM32H750VB/FrameworkHALDriver/Src/stm32h7xx_hal_pwr.o
 .ARM.attributes
                0x00000217       0x33 .pio/build/genericSTM32H750VB/FrameworkHALDriver/Src/stm32h7xx_hal_pwr_ex.o
 .ARM.attributes
                0x0000024a       0x33 .pio/build/genericSTM32H750VB/FrameworkHALDriver/Src/stm32h7xx_hal_qspi.o
 .ARM.attributes
                0x0000027d       0x33 .pio/build/genericSTM32H750VB/FrameworkHALDriver/Src/stm32h7xx_hal_rcc.o
 .ARM.attributes
                0x000002b0       0x33 .pio/build/genericSTM32H750VB/FrameworkHALDriver/Src/stm32h7xx_hal_rcc_ex.o
 .ARM.attributes
                0x000002e3       0x33 .pio/build/genericSTM32H750VB/FrameworkHALDriver/Src/stm32h7xx_hal_rtc.o
 .ARM.attributes
                0x00000316       0x33 .pio/build/genericSTM32H750VB/FrameworkHALDriver/Src/stm32h7xx_hal_spi.o
 .ARM.attributes
                0x00000349       0x33 .pio/build/genericSTM32H750VB/FrameworkHALDriver/Src/stm32h7xx_hal_tim.o
 .ARM.attributes
                0x0000037c       0x33 .pio/build/genericSTM32H750VB/FrameworkHALDriver/Src/stm32h7xx_hal_tim_ex.o
 .ARM.attributes
                0x000003af       0x33 .pio/build/genericSTM32H750VB/FrameworkHALDriver/Src/stm32h7xx_hal_uart.o
 .ARM.attributes
                0x000003e2       0x33 .pio/build/genericSTM32H750VB/FrameworkHALDriver/Src/stm32h7xx_hal_uart_ex.o
 .ARM.attributes
                0x00000415       0x33 .pio/build/genericSTM32H750VB/FrameworkHALDriver/Src/stm32h7xx_ll_usb.o
 .ARM.attributes
                0x00000448       0x33 .pio/build/genericSTM32H750VB/src/dma.o
 .ARM.attributes
                0x0000047b       0x33 .pio/build/genericSTM32H750VB/src/gpio.o
 .ARM.attributes
                0x000004ae       0x33 .pio/build/genericSTM32H750VB/src/i2c.o
 .ARM.attributes
                0x000004e1       0x33 .pio/build/genericSTM32H750VB/src/main.o
 .ARM.attributes
                0x00000514       0x33 .pio/build/genericSTM32H750VB/src/quadspi.o
 .ARM.attributes
                0x00000547       0x33 .pio/build/genericSTM32H750VB/src/rtc.o
 .ARM.attributes
                0x0000057a       0x33 .pio/build/genericSTM32H750VB/src/spi.o
 .ARM.attributes
                0x000005ad       0x33 .pio/build/genericSTM32H750VB/src/st7796/st7796.o
 .ARM.attributes
                0x000005e0       0x33 .pio/build/genericSTM32H750VB/src/stm32h7xx_hal_msp.o
 .ARM.attributes
                0x00000613       0x33 .pio/build/genericSTM32H750VB/src/stm32h7xx_it.o
 .ARM.attributes
                0x00000646       0x33 .pio/build/genericSTM32H750VB/src/tim.o
 .ARM.attributes
                0x00000679       0x33 .pio/build/genericSTM32H750VB/src/usart.o
 .ARM.attributes
                0x000006ac       0x33 .pio/build/genericSTM32H750VB/src/usb/usb_device.o
 .ARM.attributes
                0x000006df       0x33 .pio/build/genericSTM32H750VB/src/usb/usbd_conf.o
 .ARM.attributes
                0x00000712       0x33 .pio/build/genericSTM32H750VB/src/usb/usbd_custom_hid_if.o
 .ARM.attributes
                0x00000745       0x33 .pio/build/genericSTM32H750VB/src/usb/usbd_desc.o
 .ARM.attributes
                0x00000778       0x33 .pio/build/genericSTM32H750VB/lib90e/libCore.a(usbd_core.o)
 .ARM.attributes
                0x000007ab       0x33 .pio/build/genericSTM32H750VB/lib90e/libCore.a(usbd_ctlreq.o)
 .ARM.attributes
                0x000007de       0x33 .pio/build/genericSTM32H750VB/lib90e/libCore.a(usbd_ioreq.o)
 .ARM.attributes
                0x00000811       0x33 .pio/build/genericSTM32H750VB/lib3fc/libCustomHID.a(usbd_customhid.o)
 .ARM.attributes
                0x00000844       0x2e c:/users/des80/.platformio/packages/toolchain-gccarmnoneeabi@1.70201.0/bin/../lib/gcc/arm-none-eabi/7.2.1/../../../../arm-none-eabi/lib/thumb/v7e-m\libc_nano.a(lib_a-init.o)
 .ARM.attributes
                0x00000872       0x2e c:/users/des80/.platformio/packages/toolchain-gccarmnoneeabi@1.70201.0/bin/../lib/gcc/arm-none-eabi/7.2.1/../../../../arm-none-eabi/lib/thumb/v7e-m\libc_nano.a(lib_a-memset.o)
 .ARM.attributes
                0x000008a0       0x1e c:/users/des80/.platformio/packages/toolchain-gccarmnoneeabi@1.70201.0/bin/../lib/gcc/arm-none-eabi/7.2.1/thumb/v7e-m\libgcc.a(_arm_addsubsf3.o)
 .ARM.attributes
                0x000008be       0x1e c:/users/des80/.platformio/packages/toolchain-gccarmnoneeabi@1.70201.0/bin/../lib/gcc/arm-none-eabi/7.2.1/thumb/v7e-m\libgcc.a(_arm_muldivsf3.o)
 .ARM.attributes
                0x000008dc       0x1e c:/users/des80/.platformio/packages/toolchain-gccarmnoneeabi@1.70201.0/bin/../lib/gcc/arm-none-eabi/7.2.1/thumb/v7e-m\libgcc.a(_arm_fixunssfsi.o)
 .ARM.attributes
                0x000008fa       0x1e c:/users/des80/.platformio/packages/toolchain-gccarmnoneeabi@1.70201.0/bin/../lib/gcc/arm-none-eabi/7.2.1/thumb/v7e-m\libgcc.a(_aeabi_uldivmod.o)
 .ARM.attributes
                0x00000918       0x2e c:/users/des80/.platformio/packages/toolchain-gccarmnoneeabi@1.70201.0/bin/../lib/gcc/arm-none-eabi/7.2.1/thumb/v7e-m\libgcc.a(_udivmoddi4.o)
 .ARM.attributes
                0x00000946       0x1e c:/users/des80/.platformio/packages/toolchain-gccarmnoneeabi@1.70201.0/bin/../lib/gcc/arm-none-eabi/7.2.1/thumb/v7e-m\libgcc.a(_dvmd_tls.o)
 .ARM.attributes
                0x00000964       0x21 .pio/build/genericSTM32H750VB/libFrameworkCMSISDevice.a(startup_stm32h750xx.o)
 .ARM.attributes
                0x00000985       0x33 .pio/build/genericSTM32H750VB/libFrameworkCMSISDevice.a(system_stm32h7xx.o)
 .ARM.attributes
                0x000009b8       0x1e c:/users/des80/.platformio/packages/toolchain-gccarmnoneeabi@1.70201.0/bin/../lib/gcc/arm-none-eabi/7.2.1/thumb/v7e-m/crtn.o
OUTPUT(.pio/build/genericSTM32H750VB/firmware.elf elf32-littlearm)

.comment        0x00000000       0x7e
 .comment       0x00000000       0x7e .pio/build/genericSTM32H750VB/FrameworkHALDriver/Src/stm32h7xx_hal.o
                                 0x7f (size before relaxing)
 .comment       0x0000007e       0x7f .pio/build/genericSTM32H750VB/FrameworkHALDriver/Src/stm32h7xx_hal_cortex.o